Archive member included to satisfy reference by file (symbol)

/home/ty/.silabs/slt/installs/conan/p/gcc-a442105b5c2637/p/bin/../lib/gcc/arm-none-eabi/12.2.1/thumb/v8-m.main+fp/hard/libgcc.a(_aeabi_ldivmod.o)
                              CMakeFiles/slc.dir/base/home/ty/SimplicityStudio/BLE_MCU/bootloader-uart-xmodem/simplicity_sdk_2025.12.2/platform_core/platform/emlib/src/em_eusart.c.obj (__aeabi_ldivmod)
/home/ty/.silabs/slt/installs/conan/p/gcc-a442105b5c2637/p/bin/../lib/gcc/arm-none-eabi/12.2.1/thumb/v8-m.main+fp/hard/libgcc.a(_aeabi_uldivmod.o)
                              CMakeFiles/slc.dir/base/home/ty/SimplicityStudio/BLE_MCU/bootloader-uart-xmodem/simplicity_sdk_2025.12.2/platform_core/platform/emlib/src/em_eusart.c.obj (__aeabi_uldivmod)
/home/ty/.silabs/slt/installs/conan/p/gcc-a442105b5c2637/p/bin/../lib/gcc/arm-none-eabi/12.2.1/thumb/v8-m.main+fp/hard/libgcc.a(_udivmoddi4.o)
                              /home/ty/.silabs/slt/installs/conan/p/gcc-a442105b5c2637/p/bin/../lib/gcc/arm-none-eabi/12.2.1/thumb/v8-m.main+fp/hard/libgcc.a(_aeabi_ldivmod.o) (__udivmoddi4)
/home/ty/.silabs/slt/installs/conan/p/gcc-a442105b5c2637/p/bin/../lib/gcc/arm-none-eabi/12.2.1/thumb/v8-m.main+fp/hard/libgcc.a(_dvmd_tls.o)
                              /home/ty/.silabs/slt/installs/conan/p/gcc-a442105b5c2637/p/bin/../lib/gcc/arm-none-eabi/12.2.1/thumb/v8-m.main+fp/hard/libgcc.a(_aeabi_ldivmod.o) (__aeabi_ldiv0)
/home/ty/.silabs/slt/installs/conan/p/gcc-a442105b5c2637/p/bin/../lib/gcc/arm-none-eabi/12.2.1/../../../../arm-none-eabi/lib/thumb/v8-m.main+fp/hard/libc_nano.a(libc_a-exit.o)
                              /home/ty/.silabs/slt/installs/conan/p/gcc-a442105b5c2637/p/bin/../lib/gcc/arm-none-eabi/12.2.1/../../../../arm-none-eabi/lib/thumb/v8-m.main+fp/hard/crt0.o (exit)
/home/ty/.silabs/slt/installs/conan/p/gcc-a442105b5c2637/p/bin/../lib/gcc/arm-none-eabi/12.2.1/../../../../arm-none-eabi/lib/thumb/v8-m.main+fp/hard/libc_nano.a(libc_a-init.o)
                              /home/ty/.silabs/slt/installs/conan/p/gcc-a442105b5c2637/p/bin/../lib/gcc/arm-none-eabi/12.2.1/../../../../arm-none-eabi/lib/thumb/v8-m.main+fp/hard/crt0.o (__libc_init_array)
/home/ty/.silabs/slt/installs/conan/p/gcc-a442105b5c2637/p/bin/../lib/gcc/arm-none-eabi/12.2.1/../../../../arm-none-eabi/lib/thumb/v8-m.main+fp/hard/libc_nano.a(libc_a-memcpy-stub.o)
                              CMakeFiles/slc.dir/base/home/ty/SimplicityStudio/BLE_MCU/bootloader-uart-xmodem/simplicity_sdk_2025.12.2/bootloader/platform/bootloader/communication/xmodem-uart/btl_comm_xmodem_common.c.obj (memcpy)
/home/ty/.silabs/slt/installs/conan/p/gcc-a442105b5c2637/p/bin/../lib/gcc/arm-none-eabi/12.2.1/../../../../arm-none-eabi/lib/thumb/v8-m.main+fp/hard/libc_nano.a(libc_a-findfp.o)
                              /home/ty/.silabs/slt/installs/conan/p/gcc-a442105b5c2637/p/bin/../lib/gcc/arm-none-eabi/12.2.1/../../../../arm-none-eabi/lib/thumb/v8-m.main+fp/hard/libc_nano.a(libc_a-exit.o) (__stdio_exit_handler)
/home/ty/.silabs/slt/installs/conan/p/gcc-a442105b5c2637/p/bin/../lib/gcc/arm-none-eabi/12.2.1/../../../../arm-none-eabi/lib/thumb/v8-m.main+fp/hard/libc_nano.a(libc_a-stdio.o)
                              /home/ty/.silabs/slt/installs/conan/p/gcc-a442105b5c2637/p/bin/../lib/gcc/arm-none-eabi/12.2.1/../../../../arm-none-eabi/lib/thumb/v8-m.main+fp/hard/libc_nano.a(libc_a-findfp.o) (__sread)
/home/ty/.silabs/slt/installs/conan/p/gcc-a442105b5c2637/p/bin/../lib/gcc/arm-none-eabi/12.2.1/../../../../arm-none-eabi/lib/thumb/v8-m.main+fp/hard/libc_nano.a(libc_a-writer.o)
                              /home/ty/.silabs/slt/installs/conan/p/gcc-a442105b5c2637/p/bin/../lib/gcc/arm-none-eabi/12.2.1/../../../../arm-none-eabi/lib/thumb/v8-m.main+fp/hard/libc_nano.a(libc_a-stdio.o) (_write_r)
/home/ty/.silabs/slt/installs/conan/p/gcc-a442105b5c2637/p/bin/../lib/gcc/arm-none-eabi/12.2.1/../../../../arm-none-eabi/lib/thumb/v8-m.main+fp/hard/libc_nano.a(libc_a-fwalk.o)
                              /home/ty/.silabs/slt/installs/conan/p/gcc-a442105b5c2637/p/bin/../lib/gcc/arm-none-eabi/12.2.1/../../../../arm-none-eabi/lib/thumb/v8-m.main+fp/hard/libc_nano.a(libc_a-findfp.o) (_fwalk_sglue)
/home/ty/.silabs/slt/installs/conan/p/gcc-a442105b5c2637/p/bin/../lib/gcc/arm-none-eabi/12.2.1/../../../../arm-none-eabi/lib/thumb/v8-m.main+fp/hard/libc_nano.a(libc_a-memcmp.o)
                              CMakeFiles/slc.dir/base/home/ty/SimplicityStudio/BLE_MCU/bootloader-uart-xmodem/simplicity_sdk_2025.12.2/bootloader/platform/bootloader/parser/gbl/btl_gbl_parser.c.obj (memcmp)
/home/ty/.silabs/slt/installs/conan/p/gcc-a442105b5c2637/p/bin/../lib/gcc/arm-none-eabi/12.2.1/../../../../arm-none-eabi/lib/thumb/v8-m.main+fp/hard/libc_nano.a(libc_a-memmove.o)
[...]
Memory Configuration

Name             Origin             Length             Attributes
FLASH            0x0000000000000000 0x0000000000014000 xr
RAM              0x0000000020000004 0x0000000000007ffc xrw
BOOTLOADER_RESET_REGION 0x0000000020000000 0x0000000000000004 xrw
*default*        0x0000000000000000 0xffffffffffffffff

Linker script and memory map

LOAD /home/ty/.silabs/slt/installs/conan/p/gcc-a442105b5c2637/p/bin/../lib/gcc/arm-none-eabi/12.2.1/thumb/v8-m.main+fp/hard/crti.o
LOAD /home/ty/.silabs/slt/installs/conan/p/gcc-a442105b5c2637/p/bin/../lib/gcc/arm-none-eabi/12.2.1/thumb/v8-m.main+fp/hard/crtbegin.o
LOAD /home/ty/.silabs/slt/installs/conan/p/gcc-a442105b5c2637/p/bin/../lib/gcc/arm-none-eabi/12.2.1/../../../../arm-none-eabi/lib/thumb/v8-m.main+fp/hard/crt0.o
LOAD CMakeFiles/slc.dir/base/home/ty/SimplicityStudio/BLE_MCU/bootloader-uart-xmodem/simplicity_sdk_2025.12.2/bootloader/platform/bootloader/communication/xmodem-parser/btl_xmodem.c.obj
LOAD CMakeFiles/slc.dir/base/home/ty/SimplicityStudio/BLE_MCU/bootloader-uart-xmodem/simplicity_sdk_2025.12.2/bootloader/platform/bootloader/communication/xmodem-uart/btl_comm_xmodem.c.obj
LOAD CMakeFiles/slc.dir/base/home/ty/SimplicityStudio/BLE_MCU/bootloader-uart-xmodem/simplicity_sdk_2025.12.2/bootloader/platform/bootloader/communication/xmodem-uart/btl_comm_xmodem_common.c.obj
LOAD CMakeFiles/slc.dir/base/home/ty/SimplicityStudio/BLE_MCU/bootloader-uart-xmodem/simplicity_sdk_2025.12.2/bootloader/platform/bootloader/core/btl_bootload.c.obj
LOAD CMakeFiles/slc.dir/base/home/ty/SimplicityStudio/BLE_MCU/bootloader-uart-xmodem/simplicity_sdk_2025.12.2/bootloader/platform/bootloader/core/btl_core.c.obj
LOAD CMakeFiles/slc.dir/base/home/ty/SimplicityStudio/BLE_MCU/bootloader-uart-xmodem/simplicity_sdk_2025.12.2/bootloader/platform/bootloader/core/btl_main.c.obj
LOAD CMakeFiles/slc.dir/base/home/ty/SimplicityStudio/BLE_MCU/bootloader-uart-xmodem/simplicity_sdk_2025.12.2/bootloader/platform/bootloader/core/btl_parse.c.obj
LOAD CMakeFiles/slc.dir/base/home/ty/SimplicityStudio/BLE_MCU/bootloader-uart-xmodem/simplicity_sdk_2025.12.2/bootloader/platform/bootloader/core/btl_reset.c.obj
LOAD CMakeFiles/slc.dir/base/home/ty/SimplicityStudio/BLE_MCU/bootloader-uart-xmodem/simplicity_sdk_2025.12.2/bootloader/platform/bootloader/core/flash/btl_internal_flash.c.obj
LOAD CMakeFiles/slc.dir/base/home/ty/SimplicityStudio/BLE_MCU/bootloader-uart-xmodem/simplicity_sdk_2025.12.2/bootloader/platform/bootloader/debug/btl_debug.c.obj
LOAD CMakeFiles/slc.dir/base/home/ty/SimplicityStudio/BLE_MCU/bootloader-uart-xmodem/simplicity_sdk_2025.12.2/bootloader/platform/bootloader/debug/btl_debug_swo.c.obj
LOAD CMakeFiles/slc.dir/base/home/ty/SimplicityStudio/BLE_MCU/bootloader-uart-xmodem/simplicity_sdk_2025.12.2/bootloader/platform/bootloader/driver/btl_driver_delay.c.obj
LOAD CMakeFiles/slc.dir/base/home/ty/SimplicityStudio/BLE_MCU/bootloader-uart-xmodem/simplicity_sdk_2025.12.2/bootloader/platform/bootloader/driver/btl_driver_uart.c.obj
LOAD CMakeFiles/slc.dir/base/home/ty/SimplicityStudio/BLE_MCU/bootloader-uart-xmodem/simplicity_sdk_2025.12.2/bootloader/platform/bootloader/driver/btl_driver_util.c.obj
LOAD CMakeFiles/slc.dir/base/home/ty/SimplicityStudio/BLE_MCU/bootloader-uart-xmodem/simplicity_sdk_2025.12.2/bootloader/platform/bootloader/parser/gbl/btl_gbl_custom_tags.c.obj
LOAD CMakeFiles/slc.dir/base/home/ty/SimplicityStudio/BLE_MCU/bootloader-uart-xmodem/simplicity_sdk_2025.12.2/bootloader/platform/bootloader/parser/gbl/btl_gbl_format.c.obj
LOAD CMakeFiles/slc.dir/base/home/ty/SimplicityStudio/BLE_MCU/bootloader-uart-xmodem/simplicity_sdk_2025.12.2/bootloader/platform/bootloader/parser/gbl/btl_gbl_parser.c.obj
LOAD CMakeFiles/slc.dir/base/home/ty/SimplicityStudio/BLE_MCU/bootloader-uart-xmodem/simplicity_sdk_2025.12.2/bootloader/platform/bootloader/security/btl_crc16.c.obj
LOAD CMakeFiles/slc.dir/base/home/ty/SimplicityStudio/BLE_MCU/bootloader-uart-xmodem/simplicity_sdk_2025.12.2/bootloader/platform/bootloader/security/btl_crc32.c.obj
LOAD CMakeFiles/slc.dir/base/home/ty/SimplicityStudio/BLE_MCU/bootloader-uart-xmodem/simplicity_sdk_2025.12.2/bootloader/platform/bootloader/security/btl_security_aes.c.obj
LOAD CMakeFiles/slc.dir/base/home/ty/SimplicityStudio/BLE_MCU/bootloader-uart-xmodem/simplicity_sdk_2025.12.2/bootloader/platform/bootloader/security/btl_security_ecdsa.c.obj
LOAD CMakeFiles/slc.dir/base/home/ty/SimplicityStudio/BLE_MCU/bootloader-uart-xmodem/simplicity_sdk_2025.12.2/bootloader/platform/bootloader/security/btl_security_sha256.c.obj
LOAD CMakeFiles/slc.dir/base/home/ty/SimplicityStudio/BLE_MCU/bootloader-uart-xmodem/simplicity_sdk_2025.12.2/bootloader/platform/bootloader/security/btl_security_tokens.c.obj
LOAD CMakeFiles/slc.dir/base/home/ty/SimplicityStudio/BLE_MCU/bootloader-uart-xmodem/simplicity_sdk_2025.12.2/bootloader/platform/bootloader/security/ecc/ecc.c.obj
LOAD CMakeFiles/slc.dir/base/home/ty/SimplicityStudio/BLE_MCU/bootloader-uart-xmodem/simplicity_sdk_2025.12.2/bootloader/platform/bootloader/security/sha/btl_sha256.c.obj
LOAD CMakeFiles/slc.dir/base/home/ty/SimplicityStudio/BLE_MCU/bootloader-uart-xmodem/simplicity_sdk_2025.12.2/bootloader/platform/bootloader/security/sha/crypto_sha.c.obj
LOAD CMakeFiles/slc.dir/base/home/ty/SimplicityStudio/BLE_MCU/bootloader-uart-xmodem/simplicity_sdk_2025.12.2/bootloader/platform/bootloader/security/sha/cryptoacc_sha.c.obj
LOAD CMakeFiles/slc.dir/base/home/ty/SimplicityStudio/BLE_MCU/bootloader-uart-xmodem/simplicity_sdk_2025.12.2/bootloader/platform/bootloader/security/sha/se_sha.c.obj
LOAD CMakeFiles/slc.dir/base/home/ty/SimplicityStudio/BLE_MCU/bootloader-uart-xmodem/simplicity_sdk_2025.12.2/devices/platform/Device/SiliconLabs/EFR32MG22/Source/startup_efr32mg22.c.obj
LOAD CMakeFiles/slc.dir/base/home/ty/SimplicityStudio/BLE_MCU/bootloader-uart-xmodem/simplicity_sdk_2025.12.2/devices/platform/Device/SiliconLabs/EFR32MG22/Source/system_efr32mg22.c.obj
LOAD CMakeFiles/slc.dir/base/home/ty/SimplicityStudio/BLE_MCU/bootloader-uart-xmodem/simplicity_sdk_2025.12.2/platform_common/platform/common/src/sl_assert.c.obj
LOAD CMakeFiles/slc.dir/base/home/ty/SimplicityStudio/BLE_MCU/bootloader-uart-xmodem/simplicity_sdk_2025.12.2/platform_common/platform/common/src/sl_syscalls.c.obj
LOAD CMakeFiles/slc.dir/base/home/ty/SimplicityStudio/BLE_MCU/bootloader-uart-xmodem/simplicity_sdk_2025.12.2/platform_core/platform/common/src/sl_core_cortexm.c.obj
LOAD CMakeFiles/slc.dir/base/home/ty/SimplicityStudio/BLE_MCU/bootloader-uart-xmodem/simplicity_sdk_2025.12.2/platform_core/platform/emlib/src/em_burtc.c.obj
LOAD CMakeFiles/slc.dir/base/home/ty/SimplicityStudio/BLE_MCU/bootloader-uart-xmodem/simplicity_sdk_2025.12.2/platform_core/platform/emlib/src/em_cmu.c.obj
LOAD CMakeFiles/slc.dir/base/home/ty/SimplicityStudio/BLE_MCU/bootloader-uart-xmodem/simplicity_sdk_2025.12.2/platform_core/platform/emlib/src/em_dbg.c.obj
LOAD CMakeFiles/slc.dir/base/home/ty/SimplicityStudio/BLE_MCU/bootloader-uart-xmodem/simplicity_sdk_2025.12.2/platform_core/platform/emlib/src/em_emu.c.obj
LOAD CMakeFiles/slc.dir/base/home/ty/SimplicityStudio/BLE_MCU/bootloader-uart-xmodem/simplicity_sdk_2025.12.2/platform_core/platform/emlib/src/em_eusart.c.obj
LOAD CMakeFiles/slc.dir/base/home/ty/SimplicityStudio/BLE_MCU/bootloader-uart-xmodem/simplicity_sdk_2025.12.2/platform_core/platform/emlib/src/em_gpcrc.c.obj
LOAD CMakeFiles/slc.dir/base/home/ty/SimplicityStudio/BLE_MCU/bootloader-uart-xmodem/simplicity_sdk_2025.12.2/platform_core/platform/emlib/src/em_gpio.c.obj
LOAD CMakeFiles/slc.dir/base/home/ty/SimplicityStudio/BLE_MCU/bootloader-uart-xmodem/simplicity_sdk_2025.12.2/platform_core/platform/emlib/src/em_i2c.c.obj
LOAD CMakeFiles/slc.dir/base/home/ty/SimplicityStudio/BLE_MCU/bootloader-uart-xmodem/simplicity_sdk_2025.12.2/platform_core/platform/emlib/src/em_iadc.c.obj
LOAD CMakeFiles/slc.dir/base/home/ty/SimplicityStudio/BLE_MCU/bootloader-uart-xmodem/simplicity_sdk_2025.12.2/platform_core/platform/emlib/src/em_ldma.c.obj
LOAD CMakeFiles/slc.dir/base/home/ty/SimplicityStudio/BLE_MCU/bootloader-uart-xmodem/simplicity_sdk_2025.12.2/platform_core/platform/emlib/src/em_letimer.c.obj
LOAD CMakeFiles/slc.dir/base/home/ty/SimplicityStudio/BLE_MCU/bootloader-uart-xmodem/simplicity_sdk_2025.12.2/platform_core/platform/emlib/src/em_msc.c.obj
LOAD CMakeFiles/slc.dir/base/home/ty/SimplicityStudio/BLE_MCU/bootloader-uart-xmodem/simplicity_sdk_2025.12.2/platform_core/platform/emlib/src/em_pdm.c.obj
LOAD CMakeFiles/slc.dir/base/home/ty/SimplicityStudio/BLE_MCU/bootloader-uart-xmodem/simplicity_sdk_2025.12.2/platform_core/platform/emlib/src/em_prs.c.obj
LOAD CMakeFiles/slc.dir/base/home/ty/SimplicityStudio/BLE_MCU/bootloader-uart-xmodem/simplicity_sdk_2025.12.2/platform_core/platform/emlib/src/em_rmu.c.obj
LOAD CMakeFiles/slc.dir/base/home/ty/SimplicityStudio/BLE_MCU/bootloader-uart-xmodem/simplicity_sdk_2025.12.2/platform_core/platform/emlib/src/em_rtcc.c.obj
LOAD CMakeFiles/slc.dir/base/home/ty/SimplicityStudio/BLE_MCU/bootloader-uart-xmodem/simplicity_sdk_2025.12.2/platform_core/platform/emlib/src/em_system.c.obj
LOAD CMakeFiles/slc.dir/base/home/ty/SimplicityStudio/BLE_MCU/bootloader-uart-xmodem/simplicity_sdk_2025.12.2/platform_core/platform/emlib/src/em_timer.c.obj
LOAD CMakeFiles/slc.dir/base/home/ty/SimplicityStudio/BLE_MCU/bootloader-uart-xmodem/simplicity_sdk_2025.12.2/platform_core/platform/emlib/src/em_usart.c.obj
LOAD CMakeFiles/slc.dir/base/home/ty/SimplicityStudio/BLE_MCU/bootloader-uart-xmodem/simplicity_sdk_2025.12.2/platform_core/platform/emlib/src/em_wdog.c.obj
LOAD CMakeFiles/slc.dir/base/home/ty/SimplicityStudio/BLE_MCU/bootloader-uart-xmodem/simplicity_sdk_2025.12.2/platform_core/platform/service/memory_manager/src/sl_memory_manager.c.obj
LOAD CMakeFiles/slc.dir/base/home/ty/SimplicityStudio/BLE_MCU/bootloader-uart-xmodem/simplicity_sdk_2025.12.2/platform_core/platform/service/memory_manager/src/sl_memory_manager_dynamic_reservation.c.obj
LOAD CMakeFiles/slc.dir/base/home/ty/SimplicityStudio/BLE_MCU/bootloader-uart-xmodem/simplicity_sdk_2025.12.2/platform_core/platform/service/memory_manager/src/sl_memory_manager_pool.c.obj
LOAD CMakeFiles/slc.dir/base/home/ty/SimplicityStudio/BLE_MCU/bootloader-uart-xmodem/simplicity_sdk_2025.12.2/platform_core/platform/service/memory_manager/src/sl_memory_manager_pool_common.c.obj
LOAD CMakeFiles/slc.dir/base/home/ty/SimplicityStudio/BLE_MCU/bootloader-uart-xmodem/simplicity_sdk_2025.12.2/platform_core/platform/service/memory_manager/src/sl_memory_manager_region.c.obj
LOAD CMakeFiles/slc.dir/base/home/ty/SimplicityStudio/BLE_MCU/bootloader-uart-xmodem/simplicity_sdk_2025.12.2/platform_core/platform/service/memory_manager/src/sl_memory_manager_retarget.c.obj
LOAD CMakeFiles/slc.dir/base/home/ty/SimplicityStudio/BLE_MCU/bootloader-uart-xmodem/simplicity_sdk_2025.12.2/platform_core/platform/service/memory_manager/src/sli_memory_manager_common.c.obj
LOAD CMakeFiles/slc.dir/base/home/ty/SimplicityStudio/BLE_MCU/bootloader-uart-xmodem/simplicity_sdk_2025.12.2/platform_core/platform/service/udelay/src/sl_udelay.c.obj
LOAD CMakeFiles/slc.dir/base/home/ty/SimplicityStudio/BLE_MCU/bootloader-uart-xmodem/simplicity_sdk_2025.12.2/platform_core/platform/service/udelay/src/sl_udelay_armv6m_gcc.S.obj
LOAD CMakeFiles/slc.dir/base/home/ty/SimplicityStudio/BLE_MCU/bootloader-uart-xmodem/simplicity_sdk_2025.12.2/security_libcryptosoc/src/ba414ep_config.c.obj
LOAD CMakeFiles/slc.dir/base/home/ty/SimplicityStudio/BLE_MCU/bootloader-uart-xmodem/simplicity_sdk_2025.12.2/security_libcryptosoc/src/ba431_config.c.obj
LOAD CMakeFiles/slc.dir/base/home/ty/SimplicityStudio/BLE_MCU/bootloader-uart-xmodem/simplicity_sdk_2025.12.2/security_libcryptosoc/src/cryptodma_internal.c.obj
LOAD CMakeFiles/slc.dir/base/home/ty/SimplicityStudio/BLE_MCU/bootloader-uart-xmodem/simplicity_sdk_2025.12.2/security_libcryptosoc/src/cryptolib_types.c.obj
LOAD CMakeFiles/slc.dir/base/home/ty/SimplicityStudio/BLE_MCU/bootloader-uart-xmodem/simplicity_sdk_2025.12.2/security_libcryptosoc/src/platform/silicon_labs/sli_libcryptosoc.c.obj
LOAD CMakeFiles/slc.dir/base/home/ty/SimplicityStudio/BLE_MCU/bootloader-uart-xmodem/simplicity_sdk_2025.12.2/security_libcryptosoc/src/sx_aes.c.obj
LOAD CMakeFiles/slc.dir/base/home/ty/SimplicityStudio/BLE_MCU/bootloader-uart-xmodem/simplicity_sdk_2025.12.2/security_libcryptosoc/src/sx_blk_cipher.c.obj
LOAD CMakeFiles/slc.dir/base/home/ty/SimplicityStudio/BLE_MCU/bootloader-uart-xmodem/simplicity_sdk_2025.12.2/security_libcryptosoc/src/sx_dh_alg.c.obj
LOAD CMakeFiles/slc.dir/base/home/ty/SimplicityStudio/BLE_MCU/bootloader-uart-xmodem/simplicity_sdk_2025.12.2/security_libcryptosoc/src/sx_ecc_curves.c.obj
LOAD CMakeFiles/slc.dir/base/home/ty/SimplicityStudio/BLE_MCU/bootloader-uart-xmodem/simplicity_sdk_2025.12.2/security_libcryptosoc/src/sx_ecc_keygen_alg.c.obj
LOAD CMakeFiles/slc.dir/base/home/ty/SimplicityStudio/BLE_MCU/bootloader-uart-xmodem/simplicity_sdk_2025.12.2/security_libcryptosoc/src/sx_ecdsa_alg.c.obj
LOAD CMakeFiles/slc.dir/base/home/ty/SimplicityStudio/BLE_MCU/bootloader-uart-xmodem/simplicity_sdk_2025.12.2/security_libcryptosoc/src/sx_hash.c.obj
LOAD CMakeFiles/slc.dir/base/home/ty/SimplicityStudio/BLE_MCU/bootloader-uart-xmodem/simplicity_sdk_2025.12.2/security_libcryptosoc/src/sx_math.c.obj
LOAD CMakeFiles/slc.dir/base/home/ty/SimplicityStudio/BLE_MCU/bootloader-uart-xmodem/simplicity_sdk_2025.12.2/security_libcryptosoc/src/sx_memcmp.c.obj
LOAD CMakeFiles/slc.dir/base/home/ty/SimplicityStudio/BLE_MCU/bootloader-uart-xmodem/simplicity_sdk_2025.12.2/security_libcryptosoc/src/sx_memcpy.c.obj
LOAD CMakeFiles/slc.dir/base/home/ty/SimplicityStudio/BLE_MCU/bootloader-uart-xmodem/simplicity_sdk_2025.12.2/security_libcryptosoc/src/sx_primitives.c.obj
LOAD CMakeFiles/slc.dir/base/home/ty/SimplicityStudio/BLE_MCU/bootloader-uart-xmodem/simplicity_sdk_2025.12.2/security_libcryptosoc/src/sx_rng.c.obj
LOAD CMakeFiles/slc.dir/base/home/ty/SimplicityStudio/BLE_MCU/bootloader-uart-xmodem/simplicity_sdk_2025.12.2/security_libcryptosoc/src/sx_trng.c.obj
LOAD CMakeFiles/slc.dir/base/home/ty/SimplicityStudio/BLE_MCU/bootloader-uart-xmodem/simplicity_sdk_2025.12.2/security_mbedtls/platform/security/sl_component/sl_mbedtls_support/src/cryptoacc_aes.c.obj
LOAD CMakeFiles/slc.dir/base/home/ty/SimplicityStudio/BLE_MCU/bootloader-uart-xmodem/simplicity_sdk_2025.12.2/security_mbedtls/platform/security/sl_component/sl_mbedtls_support/src/cryptoacc_gcm.c.obj
LOAD CMakeFiles/slc.dir/base/home/ty/SimplicityStudio/BLE_MCU/bootloader-uart-xmodem/simplicity_sdk_2025.12.2/security_mbedtls/platform/security/sl_component/sl_mbedtls_support/src/mbedtls_ccm.c.obj
LOAD CMakeFiles/slc.dir/base/home/ty/SimplicityStudio/BLE_MCU/bootloader-uart-xmodem/simplicity_sdk_2025.12.2/security_mbedtls/platform/security/sl_component/sl_mbedtls_support/src/mbedtls_cmac.c.obj
LOAD CMakeFiles/slc.dir/base/home/ty/SimplicityStudio/BLE_MCU/bootloader-uart-xmodem/simplicity_sdk_2025.12.2/security_mbedtls/platform/security/sl_component/sl_mbedtls_support/src/mbedtls_ecdsa_ecdh.c.obj
LOAD CMakeFiles/slc.dir/base/home/ty/SimplicityStudio/BLE_MCU/bootloader-uart-xmodem/simplicity_sdk_2025.12.2/security_mbedtls/platform/security/sl_component/sl_mbedtls_support/src/sl_mbedtls.c.obj
LOAD CMakeFiles/slc.dir/base/home/ty/SimplicityStudio/BLE_MCU/bootloader-uart-xmodem/simplicity_sdk_2025.12.2/security_mbedtls/platform/security/sl_component/sl_psa_driver/src/cryptoacc_management.c.obj
LOAD CMakeFiles/slc.dir/base/home/ty/SimplicityStudio/BLE_MCU/bootloader-uart-xmodem/simplicity_sdk_2025.12.2/security_mbedtls/platform/security/sl_component/sl_psa_driver/src/sli_cryptoacc_driver_trng.c.obj
LOAD CMakeFiles/slc.dir/base/home/ty/SimplicityStudio/BLE_MCU/bootloader-uart-xmodem/simplicity_sdk_2025.12.2/security_mbedtls/platform/security/sl_component/sl_psa_driver/src/sli_cryptoacc_transparent_driver_aead.c.obj
LOAD CMakeFiles/slc.dir/base/home/ty/SimplicityStudio/BLE_MCU/bootloader-uart-xmodem/simplicity_sdk_2025.12.2/security_mbedtls/platform/security/sl_component/sl_psa_driver/src/sli_cryptoacc_transparent_driver_cipher.c.obj
LOAD CMakeFiles/slc.dir/base/home/ty/SimplicityStudio/BLE_MCU/bootloader-uart-xmodem/simplicity_sdk_2025.12.2/security_mbedtls/platform/security/sl_component/sl_psa_driver/src/sli_cryptoacc_transparent_driver_hash.c.obj
LOAD CMakeFiles/slc.dir/base/home/ty/SimplicityStudio/BLE_MCU/bootloader-uart-xmodem/simplicity_sdk_2025.12.2/security_mbedtls/platform/security/sl_component/sl_psa_driver/src/sli_cryptoacc_transparent_driver_key_derivation.c.obj
LOAD CMakeFiles/slc.dir/base/home/ty/SimplicityStudio/BLE_MCU/bootloader-uart-xmodem/simplicity_sdk_2025.12.2/security_mbedtls/platform/security/sl_component/sl_psa_driver/src/sli_cryptoacc_transparent_driver_key_management.c.obj
LOAD CMakeFiles/slc.dir/base/home/ty/SimplicityStudio/BLE_MCU/bootloader-uart-xmodem/simplicity_sdk_2025.12.2/security_mbedtls/platform/security/sl_component/sl_psa_driver/src/sli_cryptoacc_transparent_driver_mac.c.obj
LOAD CMakeFiles/slc.dir/base/home/ty/SimplicityStudio/BLE_MCU/bootloader-uart-xmodem/simplicity_sdk_2025.12.2/security_mbedtls/platform/security/sl_component/sl_psa_driver/src/sli_cryptoacc_transparent_driver_signature.c.obj
LOAD CMakeFiles/slc.dir/base/home/ty/SimplicityStudio/BLE_MCU/bootloader-uart-xmodem/simplicity_sdk_2025.12.2/security_mbedtls/platform/security/sl_component/sl_psa_driver/src/sli_psa_driver_common.c.obj
LOAD CMakeFiles/slc.dir/base/home/ty/SimplicityStudio/BLE_MCU/bootloader-uart-xmodem/simplicity_sdk_2025.12.2/security_mbedtls/platform/security/sl_component/sl_psa_driver/src/sli_psa_driver_init.c.obj
LOAD CMakeFiles/slc.dir/base/home/ty/SimplicityStudio/BLE_MCU/bootloader-uart-xmodem/simplicity_sdk_2025.12.2/security_mbedtls/platform/security/sl_component/sl_psa_driver/src/sli_se_version_dependencies.c.obj
LOAD CMakeFiles/slc.dir/base/home/ty/SimplicityStudio/BLE_MCU/bootloader-uart-xmodem/simplicity_sdk_2025.12.2/security_mbedtls_source/library/aes.c.obj
LOAD CMakeFiles/slc.dir/base/home/ty/SimplicityStudio/BLE_MCU/bootloader-uart-xmodem/simplicity_sdk_2025.12.2/security_mbedtls_source/library/constant_time.c.obj
LOAD CMakeFiles/slc.dir/base/home/ty/SimplicityStudio/BLE_MCU/bootloader-uart-xmodem/simplicity_sdk_2025.12.2/security_mbedtls_source/library/platform.c.obj
LOAD CMakeFiles/slc.dir/base/home/ty/SimplicityStudio/BLE_MCU/bootloader-uart-xmodem/simplicity_sdk_2025.12.2/security_mbedtls_source/library/platform_util.c.obj
LOAD CMakeFiles/slc.dir/base/home/ty/SimplicityStudio/BLE_MCU/bootloader-uart-xmodem/simplicity_sdk_2025.12.2/security_mbedtls_source/library/psa_crypto_client.c.obj
LOAD CMakeFiles/slc.dir/base/home/ty/SimplicityStudio/BLE_MCU/bootloader-uart-xmodem/simplicity_sdk_2025.12.2/security_mbedtls_source/library/psa_util.c.obj
LOAD CMakeFiles/slc.dir/base/home/ty/SimplicityStudio/BLE_MCU/bootloader-uart-xmodem/simplicity_sdk_2025.12.2/security_mbedtls_source/library/threading.c.obj
LOAD CMakeFiles/slc.dir/base/home/ty/SimplicityStudio/BLE_MCU/bootloader-uart-xmodem/simplicity_sdk_2025.12.2/security_se_manager/platform/security/sl_component/se_manager/src/sl_se_manager.c.obj
LOAD CMakeFiles/slc.dir/base/home/ty/SimplicityStudio/BLE_MCU/bootloader-uart-xmodem/simplicity_sdk_2025.12.2/security_se_manager/platform/security/sl_component/se_manager/src/sl_se_manager_attestation.c.obj
LOAD CMakeFiles/slc.dir/base/home/ty/SimplicityStudio/BLE_MCU/bootloader-uart-xmodem/simplicity_sdk_2025.12.2/security_se_manager/platform/security/sl_component/se_manager/src/sl_se_manager_cipher.c.obj
LOAD CMakeFiles/slc.dir/base/home/ty/SimplicityStudio/BLE_MCU/bootloader-uart-xmodem/simplicity_sdk_2025.12.2/security_se_manager/platform/security/sl_component/se_manager/src/sl_se_manager_entropy.c.obj
LOAD CMakeFiles/slc.dir/base/home/ty/SimplicityStudio/BLE_MCU/bootloader-uart-xmodem/simplicity_sdk_2025.12.2/security_se_manager/platform/security/sl_component/se_manager/src/sl_se_manager_hash.c.obj
LOAD CMakeFiles/slc.dir/base/home/ty/SimplicityStudio/BLE_MCU/bootloader-uart-xmodem/simplicity_sdk_2025.12.2/security_se_manager/platform/security/sl_component/se_manager/src/sl_se_manager_key_derivation.c.obj
LOAD CMakeFiles/slc.dir/base/home/ty/SimplicityStudio/BLE_MCU/bootloader-uart-xmodem/simplicity_sdk_2025.12.2/security_se_manager/platform/security/sl_component/se_manager/src/sl_se_manager_key_handling.c.obj
LOAD CMakeFiles/slc.dir/base/home/ty/SimplicityStudio/BLE_MCU/bootloader-uart-xmodem/simplicity_sdk_2025.12.2/security_se_manager/platform/security/sl_component/se_manager/src/sl_se_manager_signature.c.obj
LOAD CMakeFiles/slc.dir/base/home/ty/SimplicityStudio/BLE_MCU/bootloader-uart-xmodem/simplicity_sdk_2025.12.2/security_se_manager/platform/security/sl_component/se_manager/src/sl_se_manager_util.c.obj
LOAD CMakeFiles/slc.dir/base/home/ty/SimplicityStudio/BLE_MCU/bootloader-uart-xmodem/simplicity_sdk_2025.12.2/security_se_manager/platform/security/sl_component/se_manager/src/sli_se_manager_mailbox.c.obj
LOAD CMakeFiles/slc.dir/base/home/ty/SimplicityStudio/BLE_MCU/bootloader-uart-xmodem/simplicity_sdk_2025.12.2/security_tfm/lib/fih/src/fih.c.obj
LOAD CMakeFiles/slc.dir/base/home/ty/SimplicityStudio/BLE_MCU/bootloader-uart-xmodem/simplicity_sdk_2025.12.2/security_tfm/platform/ext/target/siliconlabs/vse/sli_cryptoacc.c.obj
START GROUP
LOAD /home/ty/.silabs/slt/installs/conan/p/gcc-a442105b5c2637/p/bin/../lib/gcc/arm-none-eabi/12.2.1/thumb/v8-m.main+fp/hard/libgcc.a
LOAD /home/ty/.silabs/slt/installs/conan/p/gcc-a442105b5c2637/p/bin/../lib/gcc/arm-none-eabi/12.2.1/../../../../arm-none-eabi/lib/thumb/v8-m.main+fp/hard/libc_nano.a
LOAD /home/ty/.silabs/slt/installs/conan/p/gcc-a442105b5c2637/p/bin/../lib/gcc/arm-none-eabi/12.2.1/../../../../arm-none-eabi/lib/thumb/v8-m.main+fp/hard/libm.a
LOAD /home/ty/.silabs/slt/installs/conan/p/gcc-a442105b5c2637/p/bin/../lib/gcc/arm-none-eabi/12.2.1/../../../../arm-none-eabi/lib/thumb/v8-m.main+fp/hard/libnosys.a
END GROUP
START GROUP
LOAD /home/ty/.silabs/slt/installs/conan/p/gcc-a442105b5c2637/p/bin/../lib/gcc/arm-none-eabi/12.2.1/thumb/v8-m.main+fp/hard/libgcc.a
LOAD /home/ty/.silabs/slt/installs/conan/p/gcc-a442105b5c2637/p/bin/../lib/gcc/arm-none-eabi/12.2.1/../../../../arm-none-eabi/lib/thumb/v8-m.main+fp/hard/libc_nano.a
END GROUP
START GROUP
LOAD /home/ty/.silabs/slt/installs/conan/p/gcc-a442105b5c2637/p/bin/../lib/gcc/arm-none-eabi/12.2.1/thumb/v8-m.main+fp/hard/libgcc.a
LOAD /home/ty/.silabs/slt/installs/conan/p/gcc-a442105b5c2637/p/bin/../lib/gcc/arm-none-eabi/12.2.1/../../../../arm-none-eabi/lib/thumb/v8-m.main+fp/hard/libc_nano.a
END GROUP
LOAD /home/ty/.silabs/slt/installs/conan/p/gcc-a442105b5c2637/p/bin/../lib/gcc/arm-none-eabi/12.2.1/thumb/v8-m.main+fp/hard/crtend.o
LOAD /home/ty/.silabs/slt/installs/conan/p/gcc-a442105b5c2637/p/bin/../lib/gcc/arm-none-eabi/12.2.1/thumb/v8-m.main+fp/hard/crtn.o

.vectors        0x0000000000000000      0x140
                0x0000000000000000                linker_vectors_begin = .
 *(.vectors)
 .vectors       0x0000000000000000      0x140 CMakeFiles/slc.dir/base/home/ty/SimplicityStudio/BLE_MCU/bootloader-uart-xmodem/simplicity_sdk_2025.12.2/devices/platform/Device/SiliconLabs/EFR32MG22/Source/startup_efr32mg22.c.obj
                0x0000000000000000                __Vectors
                0x0000000000000140                linker_vectors_end = .
                0x0000000000000140                __Vectors_End = .
                0x0000000000000140                __Vectors_Size = (__Vectors_End - __Vectors)

.bootloader_reset_section
                0x0000000020000000        0x4
                0x0000000020000000                __ResetReasonStart__ = .
                0x0000000020000004                . = (. + 0x4)
 *fill*         0x0000000020000000        0x4 
                0x0000000020000004                . = ALIGN (0x4)
                0x0000000020000004                __ResetReasonEnd__ = .

.stack          0x0000000020000008     0x1000
                0x0000000020000008                . = ALIGN (0x8)
                0x0000000020000008                __StackLimit = .
 *(.stack*)
 .stack         0x0000000020000008     0x1000 CMakeFiles/slc.dir/base/home/ty/SimplicityStudio/BLE_MCU/bootloader-uart-xmodem/simplicity_sdk_2025.12.2/platform_core/platform/service/memory_manager/src/sl_memory_manager_region.c.obj
                0x0000000020001008                . = ALIGN (0x4)
                0x0000000020001008                __StackTop = .
                0x0000000020001008                PROVIDE (__stack = __StackTop)

.stackseal      0x0000000020001008        0x8
                0x0000000020001008                __StackSeal = .
                0x0000000020001010                . = (. + 0x8)
 *fill*         0x0000000020001008        0x8 
                0x0000000020001010                . = ALIGN (0x8)

.bss            0x0000000020001010      0x2c8
                0x0000000020001010                . = ALIGN (0x4)
                0x0000000020001010                __bss_start__ = .
 *(SORT_BY_ALIGNMENT(.bss*))
 .bss.object.0  0x0000000020001010       0x18 /home/ty/.silabs/slt/installs/conan/p/gcc-a442105b5c2637/p/bin/../lib/gcc/arm-none-eabi/12.2.1/thumb/v8-m.main+fp/hard/crtbegin.o
 .bss.ticksPerMillisecond
                0x0000000020001028        0x4 CMakeFiles/slc.dir/base/home/ty/SimplicityStudio/BLE_MCU/bootloader-uart-xmodem/simplicity_sdk_2025.12.2/bootloader/platform/bootloader/driver/btl_driver_delay.c.obj
 .bss.ldmaRxTransfer
                0x000000002000102c       0x10 CMakeFiles/slc.dir/base/home/ty/SimplicityStudio/BLE_MCU/bootloader-uart-xmodem/simplicity_sdk_2025.12.2/bootloader/platform/bootloader/driver/btl_driver_uart.c.obj
 .bss.ldmaTxTransfer
                0x000000002000103c       0x10 CMakeFiles/slc.dir/base/home/ty/SimplicityStudio/BLE_MCU/bootloader-uart-xmodem/simplicity_sdk_2025.12.2/bootloader/platform/bootloader/driver/btl_driver_uart.c.obj
 .bss.rxHead    0x000000002000104c        0x4 CMakeFiles/slc.dir/base/home/ty/SimplicityStudio/BLE_MCU/bootloader-uart-xmodem/simplicity_sdk_2025.12.2/bootloader/platform/bootloader/driver/btl_driver_uart.c.obj
 .bss.delayTarget
                0x0000000020001050        0x2 CMakeFiles/slc.dir/base/home/ty/SimplicityStudio/BLE_MCU/bootloader-uart-xmodem/simplicity_sdk_2025.12.2/bootloader/platform/bootloader/driver/btl_driver_delay.c.obj
 .bss.completed.1
                0x0000000020001052        0x1 /home/ty/.silabs/slt/installs/conan/p/gcc-a442105b5c2637/p/bin/../lib/gcc/arm-none-eabi/12.2.1/thumb/v8-m.main+fp/hard/crtbegin.o
 .bss.started   0x0000000020001053        0x1 CMakeFiles/slc.dir/base/home/ty/SimplicityStudio/BLE_MCU/bootloader-uart-xmodem/simplicity_sdk_2025.12.2/bootloader/platform/bootloader/communication/xmodem-parser/btl_xmodem.c.obj
 .bss.packetNumber
                0x0000000020001054        0x1 CMakeFiles/slc.dir/base/home/ty/SimplicityStudio/BLE_MCU/bootloader-uart-xmodem/simplicity_sdk_2025.12.2/bootloader/platform/bootloader/communication/xmodem-parser/btl_xmodem.c.obj
 .bss.expectOverflow
                0x0000000020001055        0x1 CMakeFiles/slc.dir/base/home/ty/SimplicityStudio/BLE_MCU/bootloader-uart-xmodem/simplicity_sdk_2025.12.2/bootloader/platform/bootloader/driver/btl_driver_delay.c.obj
 .bss.txBuffer  0x0000000020001056       0x80 CMakeFiles/slc.dir/base/home/ty/SimplicityStudio/BLE_MCU/bootloader-uart-xmodem/simplicity_sdk_2025.12.2/bootloader/platform/bootloader/driver/btl_driver_uart.c.obj
 .bss.rxBuffer  0x00000000200010d6      0x200 CMakeFiles/slc.dir/base/home/ty/SimplicityStudio/BLE_MCU/bootloader-uart-xmodem/simplicity_sdk_2025.12.2/bootloader/platform/bootloader/driver/btl_driver_uart.c.obj
 .bss.aes_hw_key2
                0x00000000200012d6        0x1 CMakeFiles/slc.dir/base/home/ty/SimplicityStudio/BLE_MCU/bootloader-uart-xmodem/simplicity_sdk_2025.12.2/security_libcryptosoc/src/sx_aes.c.obj
                0x00000000200012d6                aes_hw_key2
 .bss.aes_hw_key1
                0x00000000200012d7        0x1 CMakeFiles/slc.dir/base/home/ty/SimplicityStudio/BLE_MCU/bootloader-uart-xmodem/simplicity_sdk_2025.12.2/security_libcryptosoc/src/sx_aes.c.obj
                0x00000000200012d7                aes_hw_key1
 *(COMMON)
                0x00000000200012d8                . = ALIGN (0x4)
                0x00000000200012d8                __bss_end__ = .

.noinit
 *(.noinit*)

text_application_ram
                0x00000000200012d8        0x0 load address 0x0000000000000140
                0x00000000200012d8                . = ALIGN (0x4)
                0x00000000200012d8                __vma_ramfuncs_start__ = .
 *(text_application_ram)
                0x00000000200012d8                . = ALIGN (0x4)
                0x00000000200012d8                __vma_ramfuncs_end__ = .
                0x0000000000000140                __lma_ramfuncs_start__ = LOADADDR (text_application_ram)
                0x0000000000000140                __lma_ramfuncs_end__ = (LOADADDR (text_application_ram) + SIZEOF (text_application_ram))

.rodata

.text           0x0000000000000140     0x34b4
                0x0000000000000140                linker_code_begin = .
 *(SORT_BY_ALIGNMENT(.text*))
 .text.Reset_Handler
                0x0000000000000140       0x40 CMakeFiles/slc.dir/base/home/ty/SimplicityStudio/BLE_MCU/bootloader-uart-xmodem/simplicity_sdk_2025.12.2/devices/platform/Device/SiliconLabs/EFR32MG22/Source/startup_efr32mg22.c.obj
                0x0000000000000140                Reset_Handler
 .text.deregister_tm_clones
                0x0000000000000180       0x1c /home/ty/.silabs/slt/installs/conan/p/gcc-a442105b5c2637/p/bin/../lib/gcc/arm-none-eabi/12.2.1/thumb/v8-m.main+fp/hard/crtbegin.o
 .text.register_tm_clones
                0x000000000000019c       0x28 /home/ty/.silabs/slt/installs/conan/p/gcc-a442105b5c2637/p/bin/../lib/gcc/arm-none-eabi/12.2.1/thumb/v8-m.main+fp/hard/crtbegin.o
 .text.__do_global_dtors_aux
                0x00000000000001c4       0x28 /home/ty/.silabs/slt/installs/conan/p/gcc-a442105b5c2637/p/bin/../lib/gcc/arm-none-eabi/12.2.1/thumb/v8-m.main+fp/hard/crtbegin.o
 .text.frame_dummy
                0x00000000000001ec       0x24 /home/ty/.silabs/slt/installs/conan/p/gcc-a442105b5c2637/p/bin/../lib/gcc/arm-none-eabi/12.2.1/thumb/v8-m.main+fp/hard/crtbegin.o
 .text.xmodem_reset
                0x0000000000000210       0x14 CMakeFiles/slc.dir/base/home/ty/SimplicityStudio/BLE_MCU/bootloader-uart-xmodem/simplicity_sdk_2025.12.2/bootloader/platform/bootloader/communication/xmodem-parser/btl_xmodem.c.obj
                0x0000000000000210                xmodem_reset
 .text.xmodem_parsePacket
                0x0000000000000224       0xbc CMakeFiles/slc.dir/base/home/ty/SimplicityStudio/BLE_MCU/bootloader-uart-xmodem/simplicity_sdk_2025.12.2/bootloader/platform/bootloader/communication/xmodem-parser/btl_xmodem.c.obj
                0x0000000000000224                xmodem_parsePacket
 .text.communication_main
                0x00000000000002e0       0x28 CMakeFiles/slc.dir/base/home/ty/SimplicityStudio/BLE_MCU/bootloader-uart-xmodem/simplicity_sdk_2025.12.2/bootloader/platform/bootloader/communication/xmodem-uart/btl_comm_xmodem.c.obj
                0x00000000000002e0                communication_main
 .text.bootloader_xmodem_communication_start
                0x0000000000000308       0x6c CMakeFiles/slc.dir/base/home/ty/SimplicityStudio/BLE_MCU/bootloader-uart-xmodem/simplicity_sdk_2025.12.2/bootloader/platform/bootloader/communication/xmodem-uart/btl_comm_xmodem_common.c.obj
                0x0000000000000308                bootloader_xmodem_communication_start
 .text.bootloader_xmodem_communication_main
                0x0000000000000374      0x368 CMakeFiles/slc.dir/base/home/ty/SimplicityStudio/BLE_MCU/bootloader-uart-xmodem/simplicity_sdk_2025.12.2/bootloader/platform/bootloader/communication/xmodem-uart/btl_comm_xmodem_common.c.obj
                0x0000000000000374                bootloader_xmodem_communication_main
 .text.bootload_checkApplicationPropertiesMagic
                0x00000000000006dc       0x48 CMakeFiles/slc.dir/base/home/ty/SimplicityStudio/BLE_MCU/bootloader-uart-xmodem/simplicity_sdk_2025.12.2/bootloader/platform/bootloader/core/btl_bootload.c.obj
                0x00000000000006dc                bootload_checkApplicationPropertiesMagic
 .text.bootload_verifyApplication
                0x0000000000000724       0xe0 CMakeFiles/slc.dir/base/home/ty/SimplicityStudio/BLE_MCU/bootloader-uart-xmodem/simplicity_sdk_2025.12.2/bootloader/platform/bootloader/core/btl_bootload.c.obj
                0x0000000000000724                bootload_verifyApplication
 .text.bootload_commitBootloaderUpgrade
                0x0000000000000804       0x60 CMakeFiles/slc.dir/base/home/ty/SimplicityStudio/BLE_MCU/bootloader-uart-xmodem/simplicity_sdk_2025.12.2/bootloader/platform/bootloader/core/btl_bootload.c.obj
                0x0000000000000804                bootload_commitBootloaderUpgrade
 .text.bootload_commitSeUpgrade
                0x0000000000000864       0x34 CMakeFiles/slc.dir/base/home/ty/SimplicityStudio/BLE_MCU/bootloader-uart-xmodem/simplicity_sdk_2025.12.2/bootloader/platform/bootloader/core/btl_bootload.c.obj
                0x0000000000000864                bootload_commitSeUpgrade
 .text.btl_getPeripheralList
                0x0000000000000898       0x1c CMakeFiles/slc.dir/base/home/ty/SimplicityStudio/BLE_MCU/bootloader-uart-xmodem/simplicity_sdk_2025.12.2/bootloader/platform/bootloader/core/btl_main.c.obj
 .text.startup.main
                0x00000000000008b4       0xa4 CMakeFiles/slc.dir/base/home/ty/SimplicityStudio/BLE_MCU/bootloader-uart-xmodem/simplicity_sdk_2025.12.2/bootloader/platform/bootloader/core/btl_main.c.obj
                0x00000000000008b4                main
 .text.SystemInit2
                0x0000000000000958       0x74 CMakeFiles/slc.dir/base/home/ty/SimplicityStudio/BLE_MCU/bootloader-uart-xmodem/simplicity_sdk_2025.12.2/bootloader/platform/bootloader/core/btl_main.c.obj
                0x0000000000000958                SystemInit2
 .text.reset_invalidateResetReason
                0x00000000000009cc       0x10 CMakeFiles/slc.dir/base/home/ty/SimplicityStudio/BLE_MCU/bootloader-uart-xmodem/simplicity_sdk_2025.12.2/bootloader/platform/bootloader/core/btl_reset.c.obj
                0x00000000000009cc                reset_invalidateResetReason
 .text.reset_resetCounterEnabled
                0x00000000000009dc       0x1c CMakeFiles/slc.dir/base/home/ty/SimplicityStudio/BLE_MCU/bootloader-uart-xmodem/simplicity_sdk_2025.12.2/bootloader/platform/bootloader/core/btl_reset.c.obj
                0x00000000000009dc                reset_resetCounterEnabled
 .text.reset_setResetReason
                0x00000000000009f8       0x18 CMakeFiles/slc.dir/base/home/ty/SimplicityStudio/BLE_MCU/bootloader-uart-xmodem/simplicity_sdk_2025.12.2/bootloader/platform/bootloader/core/btl_reset.c.obj
                0x00000000000009f8                reset_setResetReason
 .text.reset_resetWithReason
                0x0000000000000a10       0x28 CMakeFiles/slc.dir/base/home/ty/SimplicityStudio/BLE_MCU/bootloader-uart-xmodem/simplicity_sdk_2025.12.2/bootloader/platform/bootloader/core/btl_reset.c.obj
                0x0000000000000a10                reset_resetWithReason
 .text.reset_classifyReset
                0x0000000000000a38       0x2c CMakeFiles/slc.dir/base/home/ty/SimplicityStudio/BLE_MCU/bootloader-uart-xmodem/simplicity_sdk_2025.12.2/bootloader/platform/bootloader/core/btl_reset.c.obj
                0x0000000000000a38                reset_classifyReset
 .text.flash_erasePage
                0x0000000000000a64       0x1c CMakeFiles/slc.dir/base/home/ty/SimplicityStudio/BLE_MCU/bootloader-uart-xmodem/simplicity_sdk_2025.12.2/bootloader/platform/bootloader/core/flash/btl_internal_flash.c.obj
                0x0000000000000a64                flash_erasePage
 .text.flash_writeBuffer_dma
                0x0000000000000a80       0x50 CMakeFiles/slc.dir/base/home/ty/SimplicityStudio/BLE_MCU/bootloader-uart-xmodem/simplicity_sdk_2025.12.2/bootloader/platform/bootloader/core/flash/btl_internal_flash.c.obj
                0x0000000000000a80                flash_writeBuffer_dma
 .text.delay_init
                0x0000000000000ad0       0x4c CMakeFiles/slc.dir/base/home/ty/SimplicityStudio/BLE_MCU/bootloader-uart-xmodem/simplicity_sdk_2025.12.2/bootloader/platform/bootloader/driver/btl_driver_delay.c.obj
                0x0000000000000ad0                delay_init
 .text.delay_milliseconds
                0x0000000000000b1c       0x4c CMakeFiles/slc.dir/base/home/ty/SimplicityStudio/BLE_MCU/bootloader-uart-xmodem/simplicity_sdk_2025.12.2/bootloader/platform/bootloader/driver/btl_driver_delay.c.obj
                0x0000000000000b1c                delay_milliseconds
 .text.delay_expired
                0x0000000000000b68       0x34 CMakeFiles/slc.dir/base/home/ty/SimplicityStudio/BLE_MCU/bootloader-uart-xmodem/simplicity_sdk_2025.12.2/bootloader/platform/bootloader/driver/btl_driver_delay.c.obj
                0x0000000000000b68                delay_expired
 .text.uart_init
                0x0000000000000b9c      0x1a8 CMakeFiles/slc.dir/base/home/ty/SimplicityStudio/BLE_MCU/bootloader-uart-xmodem/simplicity_sdk_2025.12.2/bootloader/platform/bootloader/driver/btl_driver_uart.c.obj
                0x0000000000000b9c                uart_init
 .text.uart_isTxIdle
                0x0000000000000d44       0x2c CMakeFiles/slc.dir/base/home/ty/SimplicityStudio/BLE_MCU/bootloader-uart-xmodem/simplicity_sdk_2025.12.2/bootloader/platform/bootloader/driver/btl_driver_uart.c.obj
                0x0000000000000d44                uart_isTxIdle
 .text.uart_sendBuffer
                0x0000000000000d70       0x70 CMakeFiles/slc.dir/base/home/ty/SimplicityStudio/BLE_MCU/bootloader-uart-xmodem/simplicity_sdk_2025.12.2/bootloader/platform/bootloader/driver/btl_driver_uart.c.obj
                0x0000000000000d70                uart_sendBuffer
 .text.uart_sendByte
                0x0000000000000de0       0x28 CMakeFiles/slc.dir/base/home/ty/SimplicityStudio/BLE_MCU/bootloader-uart-xmodem/simplicity_sdk_2025.12.2/bootloader/platform/bootloader/driver/btl_driver_uart.c.obj
                0x0000000000000de0                uart_sendByte
 .text.uart_getRxAvailableBytes
                0x0000000000000e08       0x48 CMakeFiles/slc.dir/base/home/ty/SimplicityStudio/BLE_MCU/bootloader-uart-xmodem/simplicity_sdk_2025.12.2/bootloader/platform/bootloader/driver/btl_driver_uart.c.obj
                0x0000000000000e08                uart_getRxAvailableBytes
 .text.uart_receiveBuffer
                0x0000000000000e50       0xa4 CMakeFiles/slc.dir/base/home/ty/SimplicityStudio/BLE_MCU/bootloader-uart-xmodem/simplicity_sdk_2025.12.2/bootloader/platform/bootloader/driver/btl_driver_uart.c.obj
                0x0000000000000e50                uart_receiveBuffer
 .text.uart_flush
                0x0000000000000ef4       0x3c CMakeFiles/slc.dir/base/home/ty/SimplicityStudio/BLE_MCU/bootloader-uart-xmodem/simplicity_sdk_2025.12.2/bootloader/platform/bootloader/driver/btl_driver_uart.c.obj
                0x0000000000000ef4                uart_flush
 .text.util_getClockFreq
                0x0000000000000f30       0x94 CMakeFiles/slc.dir/base/home/ty/SimplicityStudio/BLE_MCU/bootloader-uart-xmodem/simplicity_sdk_2025.12.2/bootloader/platform/bootloader/driver/btl_driver_util.c.obj
                0x0000000000000f30                util_getClockFreq
 .text.gbl_getTagParsingInfoFromTagId
                0x0000000000000fc4       0x24 CMakeFiles/slc.dir/base/home/ty/SimplicityStudio/BLE_MCU/bootloader-uart-xmodem/simplicity_sdk_2025.12.2/bootloader/platform/bootloader/parser/gbl/btl_gbl_format.c.obj
                0x0000000000000fc4                gbl_getTagParsingInfoFromTagId
 .text.gbl_parseHeader
                0x0000000000000fe8       0x7c CMakeFiles/slc.dir/base/home/ty/SimplicityStudio/BLE_MCU/bootloader-uart-xmodem/simplicity_sdk_2025.12.2/bootloader/platform/bootloader/parser/gbl/btl_gbl_parser.c.obj
 .text.gbl_writeProgData
                0x0000000000001064       0xa4 CMakeFiles/slc.dir/base/home/ty/SimplicityStudio/BLE_MCU/bootloader-uart-xmodem/simplicity_sdk_2025.12.2/bootloader/platform/bootloader/parser/gbl/btl_gbl_parser.c.obj
                0x0000000000001064                gbl_writeProgData
 .text.parser_init
                0x0000000000001108       0x74 CMakeFiles/slc.dir/base/home/ty/SimplicityStudio/BLE_MCU/bootloader-uart-xmodem/simplicity_sdk_2025.12.2/bootloader/platform/bootloader/parser/gbl/btl_gbl_parser.c.obj
                0x0000000000001108                parser_init
 .text.parser_parse
                0x000000000000117c      0x638 CMakeFiles/slc.dir/base/home/ty/SimplicityStudio/BLE_MCU/bootloader-uart-xmodem/simplicity_sdk_2025.12.2/bootloader/platform/bootloader/parser/gbl/btl_gbl_parser.c.obj
                0x000000000000117c                parser_parse
 .text.btl_crc32Stream
                0x00000000000017b4       0x30 CMakeFiles/slc.dir/base/home/ty/SimplicityStudio/BLE_MCU/bootloader-uart-xmodem/simplicity_sdk_2025.12.2/bootloader/platform/bootloader/security/btl_crc32.c.obj
                0x00000000000017b4                btl_crc32Stream
 .text.btl_initAesCcm
                0x00000000000017e4       0x54 CMakeFiles/slc.dir/base/home/ty/SimplicityStudio/BLE_MCU/bootloader-uart-xmodem/simplicity_sdk_2025.12.2/bootloader/platform/bootloader/security/btl_security_aes.c.obj
                0x00000000000017e4                btl_initAesCcm
 .text.btl_verifyEcdsaP256r1
                0x0000000000001838       0xf4 CMakeFiles/slc.dir/base/home/ty/SimplicityStudio/BLE_MCU/bootloader-uart-xmodem/simplicity_sdk_2025.12.2/bootloader/platform/bootloader/security/btl_security_ecdsa.c.obj
                0x0000000000001838                btl_verifyEcdsaP256r1
 .text.btl_initSha256
                0x000000000000192c       0x28 CMakeFiles/slc.dir/base/home/ty/SimplicityStudio/BLE_MCU/bootloader-uart-xmodem/simplicity_sdk_2025.12.2/bootloader/platform/bootloader/security/btl_security_sha256.c.obj
                0x000000000000192c                btl_initSha256
 .text.btl_getSignedBootloaderKeyXPtr
                0x0000000000001954        0x8 CMakeFiles/slc.dir/base/home/ty/SimplicityStudio/BLE_MCU/bootloader-uart-xmodem/simplicity_sdk_2025.12.2/bootloader/platform/bootloader/security/btl_security_tokens.c.obj
                0x0000000000001954                btl_getSignedBootloaderKeyXPtr
 .text.btl_getSignedBootloaderKeyYPtr
                0x000000000000195c        0x8 CMakeFiles/slc.dir/base/home/ty/SimplicityStudio/BLE_MCU/bootloader-uart-xmodem/simplicity_sdk_2025.12.2/bootloader/platform/bootloader/security/btl_security_tokens.c.obj
                0x000000000000195c                btl_getSignedBootloaderKeyYPtr
 .text.btl_getImageFileEncryptionKeyPtr
                0x0000000000001964        0x8 CMakeFiles/slc.dir/base/home/ty/SimplicityStudio/BLE_MCU/bootloader-uart-xmodem/simplicity_sdk_2025.12.2/bootloader/platform/bootloader/security/btl_security_tokens.c.obj
                0x0000000000001964                btl_getImageFileEncryptionKeyPtr
 .text.sha_x_update
                0x000000000000196c       0xbc CMakeFiles/slc.dir/base/home/ty/SimplicityStudio/BLE_MCU/bootloader-uart-xmodem/simplicity_sdk_2025.12.2/bootloader/platform/bootloader/security/sha/btl_sha256.c.obj
                0x000000000000196c                sha_x_update
 .text.sha_x_finish.part.0
                0x0000000000001a28       0x98 CMakeFiles/slc.dir/base/home/ty/SimplicityStudio/BLE_MCU/bootloader-uart-xmodem/simplicity_sdk_2025.12.2/bootloader/platform/bootloader/security/sha/btl_sha256.c.obj
 .text.Copy_Table
                0x0000000000001ac0       0x28 CMakeFiles/slc.dir/base/home/ty/SimplicityStudio/BLE_MCU/bootloader-uart-xmodem/simplicity_sdk_2025.12.2/devices/platform/Device/SiliconLabs/EFR32MG22/Source/startup_efr32mg22.c.obj
                0x0000000000001ac0                Copy_Table
 .text.Zero_Table
                0x0000000000001ae8       0x24 CMakeFiles/slc.dir/base/home/ty/SimplicityStudio/BLE_MCU/bootloader-uart-xmodem/simplicity_sdk_2025.12.2/devices/platform/Device/SiliconLabs/EFR32MG22/Source/startup_efr32mg22.c.obj
                0x0000000000001ae8                Zero_Table
 .text.CopyToRam
                0x0000000000001b0c       0x1c CMakeFiles/slc.dir/base/home/ty/SimplicityStudio/BLE_MCU/bootloader-uart-xmodem/simplicity_sdk_2025.12.2/devices/platform/Device/SiliconLabs/EFR32MG22/Source/startup_efr32mg22.c.obj
                0x0000000000001b0c                CopyToRam
 .text.SystemInit
                0x0000000000001b28       0x1c CMakeFiles/slc.dir/base/home/ty/SimplicityStudio/BLE_MCU/bootloader-uart-xmodem/simplicity_sdk_2025.12.2/devices/platform/Device/SiliconLabs/EFR32MG22/Source/system_efr32mg22.c.obj
                0x0000000000001b28                SystemInit
 .text.CMU_ClockEnable
                0x0000000000001b44       0x40 CMakeFiles/slc.dir/base/home/ty/SimplicityStudio/BLE_MCU/bootloader-uart-xmodem/simplicity_sdk_2025.12.2/platform_core/platform/emlib/src/em_cmu.c.obj
                0x0000000000001b44                CMU_ClockEnable
 .text.GPIO_PinModeSet
                0x0000000000001b84       0x80 CMakeFiles/slc.dir/base/home/ty/SimplicityStudio/BLE_MCU/bootloader-uart-xmodem/simplicity_sdk_2025.12.2/platform_core/platform/emlib/src/em_gpio.c.obj
                0x0000000000001b84                GPIO_PinModeSet
 .text.mscStatusWait
                0x0000000000001c04       0x54 CMakeFiles/slc.dir/base/home/ty/SimplicityStudio/BLE_MCU/bootloader-uart-xmodem/simplicity_sdk_2025.12.2/platform_core/platform/emlib/src/em_msc.c.obj
                0x0000000000001c04                mscStatusWait
 .text.MSC_ErasePage
                0x0000000000001c58       0x54 CMakeFiles/slc.dir/base/home/ty/SimplicityStudio/BLE_MCU/bootloader-uart-xmodem/simplicity_sdk_2025.12.2/platform_core/platform/emlib/src/em_msc.c.obj
                0x0000000000001c58                MSC_ErasePage
 .text.MSC_WriteWordDma
                0x0000000000001cac       0xe4 CMakeFiles/slc.dir/base/home/ty/SimplicityStudio/BLE_MCU/bootloader-uart-xmodem/simplicity_sdk_2025.12.2/platform_core/platform/emlib/src/em_msc.c.obj
                0x0000000000001cac                MSC_WriteWordDma
 .text.SYSTEM_GetProdRev
                0x0000000000001d90       0x10 CMakeFiles/slc.dir/base/home/ty/SimplicityStudio/BLE_MCU/bootloader-uart-xmodem/simplicity_sdk_2025.12.2/platform_core/platform/emlib/src/em_system.c.obj
                0x0000000000001d90                SYSTEM_GetProdRev
 .text.ba414ep_set_command
                0x0000000000001da0       0x38 CMakeFiles/slc.dir/base/home/ty/SimplicityStudio/BLE_MCU/bootloader-uart-xmodem/simplicity_sdk_2025.12.2/security_libcryptosoc/src/ba414ep_config.c.obj
                0x0000000000001da0                ba414ep_set_command
 .text.ba414ep_start_wait_status
                0x0000000000001dd8       0x1c CMakeFiles/slc.dir/base/home/ty/SimplicityStudio/BLE_MCU/bootloader-uart-xmodem/simplicity_sdk_2025.12.2/security_libcryptosoc/src/ba414ep_config.c.obj
                0x0000000000001dd8                ba414ep_start_wait_status
 .text.cryptodma_config_sg
                0x0000000000001df4       0x10 CMakeFiles/slc.dir/base/home/ty/SimplicityStudio/BLE_MCU/bootloader-uart-xmodem/simplicity_sdk_2025.12.2/security_libcryptosoc/src/cryptodma_internal.c.obj
                0x0000000000001df4                cryptodma_config_sg
 .text.cryptodma_config_direct
                0x0000000000001e04       0x5c CMakeFiles/slc.dir/base/home/ty/SimplicityStudio/BLE_MCU/bootloader-uart-xmodem/simplicity_sdk_2025.12.2/security_libcryptosoc/src/cryptodma_internal.c.obj
                0x0000000000001e04                cryptodma_config_direct
 .text.cryptodma_start
                0x0000000000001e60       0x14 CMakeFiles/slc.dir/base/home/ty/SimplicityStudio/BLE_MCU/bootloader-uart-xmodem/simplicity_sdk_2025.12.2/security_libcryptosoc/src/cryptodma_internal.c.obj
                0x0000000000001e60                cryptodma_start
 .text.cryptodma_wait
                0x0000000000001e74       0x10 CMakeFiles/slc.dir/base/home/ty/SimplicityStudio/BLE_MCU/bootloader-uart-xmodem/simplicity_sdk_2025.12.2/security_libcryptosoc/src/cryptodma_internal.c.obj
                0x0000000000001e74                cryptodma_wait
 .text.cryptodma_check_bus_error
                0x0000000000001e84       0x18 CMakeFiles/slc.dir/base/home/ty/SimplicityStudio/BLE_MCU/bootloader-uart-xmodem/simplicity_sdk_2025.12.2/security_libcryptosoc/src/cryptodma_internal.c.obj
                0x0000000000001e84                cryptodma_check_bus_error
 .text.cryptodma_check_status
                0x0000000000001e9c       0x28 CMakeFiles/slc.dir/base/home/ty/SimplicityStudio/BLE_MCU/bootloader-uart-xmodem/simplicity_sdk_2025.12.2/security_libcryptosoc/src/cryptodma_internal.c.obj
                0x0000000000001e9c                cryptodma_check_status
 .text.sx_aes_set_hw_config_for_key
                0x0000000000001ec4       0x78 CMakeFiles/slc.dir/base/home/ty/SimplicityStudio/BLE_MCU/bootloader-uart-xmodem/simplicity_sdk_2025.12.2/security_libcryptosoc/src/sx_aes.c.obj
                0x0000000000001ec4                sx_aes_set_hw_config_for_key
 .text.sx_aes_ecb_encrypt
                0x0000000000001f3c       0x28 CMakeFiles/slc.dir/base/home/ty/SimplicityStudio/BLE_MCU/bootloader-uart-xmodem/simplicity_sdk_2025.12.2/security_libcryptosoc/src/sx_aes.c.obj
                0x0000000000001f3c                sx_aes_ecb_encrypt
 .text.sx_aes_ecb_decrypt
                0x0000000000001f64       0x28 CMakeFiles/slc.dir/base/home/ty/SimplicityStudio/BLE_MCU/bootloader-uart-xmodem/simplicity_sdk_2025.12.2/security_libcryptosoc/src/sx_aes.c.obj
                0x0000000000001f64                sx_aes_ecb_decrypt
 .text.sx_aes_ctr_encrypt_update
                0x0000000000001f8c       0x30 CMakeFiles/slc.dir/base/home/ty/SimplicityStudio/BLE_MCU/bootloader-uart-xmodem/simplicity_sdk_2025.12.2/security_libcryptosoc/src/sx_aes.c.obj
                0x0000000000001f8c                sx_aes_ctr_encrypt_update
 .text.sx_blk_cipher_ecb
                0x0000000000001fbc       0x54 CMakeFiles/slc.dir/base/home/ty/SimplicityStudio/BLE_MCU/bootloader-uart-xmodem/simplicity_sdk_2025.12.2/security_libcryptosoc/src/sx_blk_cipher.c.obj
                0x0000000000001fbc                sx_blk_cipher_ecb
 .text.sx_blk_cipher_cbc_ctr_ofb_cfb_update
                0x0000000000002010       0x78 CMakeFiles/slc.dir/base/home/ty/SimplicityStudio/BLE_MCU/bootloader-uart-xmodem/simplicity_sdk_2025.12.2/security_libcryptosoc/src/sx_blk_cipher.c.obj
                0x0000000000002010                sx_blk_cipher_cbc_ctr_ofb_cfb_update
 .text.sx_hash_get_digest_size
                0x0000000000002088       0x14 CMakeFiles/slc.dir/base/home/ty/SimplicityStudio/BLE_MCU/bootloader-uart-xmodem/simplicity_sdk_2025.12.2/security_libcryptosoc/src/sx_hash.c.obj
                0x0000000000002088                sx_hash_get_digest_size
 .text.sx_hash_get_state_size
                0x000000000000209c       0x14 CMakeFiles/slc.dir/base/home/ty/SimplicityStudio/BLE_MCU/bootloader-uart-xmodem/simplicity_sdk_2025.12.2/security_libcryptosoc/src/sx_hash.c.obj
                0x000000000000209c                sx_hash_get_state_size
 .text.sx_hash_internal
                0x00000000000020b0      0x200 CMakeFiles/slc.dir/base/home/ty/SimplicityStudio/BLE_MCU/bootloader-uart-xmodem/simplicity_sdk_2025.12.2/security_libcryptosoc/src/sx_hash.c.obj
 .text.cryptoacc_management_acquire
                0x00000000000022b0       0x18 CMakeFiles/slc.dir/base/home/ty/SimplicityStudio/BLE_MCU/bootloader-uart-xmodem/simplicity_sdk_2025.12.2/security_mbedtls/platform/security/sl_component/sl_psa_driver/src/cryptoacc_management.c.obj
                0x00000000000022b0                cryptoacc_management_acquire
 .text.cryptoacc_management_release
                0x00000000000022c8       0x18 CMakeFiles/slc.dir/base/home/ty/SimplicityStudio/BLE_MCU/bootloader-uart-xmodem/simplicity_sdk_2025.12.2/security_mbedtls/platform/security/sl_component/sl_psa_driver/src/cryptoacc_management.c.obj
                0x00000000000022c8                cryptoacc_management_release
 .text.get_root_mailbox_output
                0x00000000000022e0       0x2c CMakeFiles/slc.dir/base/home/ty/SimplicityStudio/BLE_MCU/bootloader-uart-xmodem/simplicity_sdk_2025.12.2/security_se_manager/platform/security/sl_component/se_manager/src/sli_se_manager_mailbox.c.obj
 .text.sli_vse_mailbox_is_output_valid
                0x000000000000230c       0x4c CMakeFiles/slc.dir/base/home/ty/SimplicityStudio/BLE_MCU/bootloader-uart-xmodem/simplicity_sdk_2025.12.2/security_se_manager/platform/security/sl_component/se_manager/src/sli_se_manager_mailbox.c.obj
                0x000000000000230c                sli_vse_mailbox_is_output_valid
 .text.communication_init
                0x0000000000002358        0x4 CMakeFiles/slc.dir/base/home/ty/SimplicityStudio/BLE_MCU/bootloader-uart-xmodem/simplicity_sdk_2025.12.2/bootloader/platform/bootloader/communication/xmodem-uart/btl_comm_xmodem.c.obj
                0x0000000000002358                communication_init
 .text.communication_start
                0x000000000000235c        0x4 CMakeFiles/slc.dir/base/home/ty/SimplicityStudio/BLE_MCU/bootloader-uart-xmodem/simplicity_sdk_2025.12.2/bootloader/platform/bootloader/communication/xmodem-uart/btl_comm_xmodem.c.obj
                0x000000000000235c                communication_start
 .text.communication_shutdown
                0x0000000000002360        0x2 CMakeFiles/slc.dir/base/home/ty/SimplicityStudio/BLE_MCU/bootloader-uart-xmodem/simplicity_sdk_2025.12.2/bootloader/platform/bootloader/communication/xmodem-uart/btl_comm_xmodem.c.obj
                0x0000000000002360                communication_shutdown
 .text.sendPacket.isra.0
                0x0000000000002362       0x1e CMakeFiles/slc.dir/base/home/ty/SimplicityStudio/BLE_MCU/bootloader-uart-xmodem/simplicity_sdk_2025.12.2/bootloader/platform/bootloader/communication/xmodem-uart/btl_comm_xmodem_common.c.obj
 .text.bootloader_xmodem_communication_init
                0x0000000000002380        0x4 CMakeFiles/slc.dir/base/home/ty/SimplicityStudio/BLE_MCU/bootloader-uart-xmodem/simplicity_sdk_2025.12.2/bootloader/platform/bootloader/communication/xmodem-uart/btl_comm_xmodem_common.c.obj
                0x0000000000002380                bootloader_xmodem_communication_init
 .text.flashData
                0x0000000000002384       0x44 CMakeFiles/slc.dir/base/home/ty/SimplicityStudio/BLE_MCU/bootloader-uart-xmodem/simplicity_sdk_2025.12.2/bootloader/platform/bootloader/core/btl_bootload.c.obj
 .text.bootload_applicationCallback
                0x00000000000023c8       0x20 CMakeFiles/slc.dir/base/home/ty/SimplicityStudio/BLE_MCU/bootloader-uart-xmodem/simplicity_sdk_2025.12.2/bootloader/platform/bootloader/core/btl_bootload.c.obj
                0x00000000000023c8                bootload_applicationCallback
 .text.bootload_bootloaderCallback
                0x00000000000023e8       0x3a CMakeFiles/slc.dir/base/home/ty/SimplicityStudio/BLE_MCU/bootloader-uart-xmodem/simplicity_sdk_2025.12.2/bootloader/platform/bootloader/core/btl_bootload.c.obj
                0x00000000000023e8                bootload_bootloaderCallback
 .text.bootload_checkApplicationPropertiesVersion
                0x0000000000002422        0xe CMakeFiles/slc.dir/base/home/ty/SimplicityStudio/BLE_MCU/bootloader-uart-xmodem/simplicity_sdk_2025.12.2/bootloader/platform/bootloader/core/btl_bootload.c.obj
                0x0000000000002422                bootload_checkApplicationPropertiesVersion
 .text.getSignatureX
                0x0000000000002430       0x26 CMakeFiles/slc.dir/base/home/ty/SimplicityStudio/BLE_MCU/bootloader-uart-xmodem/simplicity_sdk_2025.12.2/bootloader/platform/bootloader/core/btl_bootload.c.obj
 .text.bootload_getBootloaderVersion
                0x0000000000002456        0x8 CMakeFiles/slc.dir/base/home/ty/SimplicityStudio/BLE_MCU/bootloader-uart-xmodem/simplicity_sdk_2025.12.2/bootloader/platform/bootloader/core/btl_bootload.c.obj
                0x0000000000002456                bootload_getBootloaderVersion
 .text.bootload_getSeVersion
                0x000000000000245e        0xe CMakeFiles/slc.dir/base/home/ty/SimplicityStudio/BLE_MCU/bootloader-uart-xmodem/simplicity_sdk_2025.12.2/bootloader/platform/bootloader/core/btl_bootload.c.obj
                0x000000000000245e                bootload_getSeVersion
 .text.bootload_checkSeUpgradeVersion
                0x000000000000246c       0x20 CMakeFiles/slc.dir/base/home/ty/SimplicityStudio/BLE_MCU/bootloader-uart-xmodem/simplicity_sdk_2025.12.2/bootloader/platform/bootloader/core/btl_bootload.c.obj
                0x000000000000246c                bootload_checkSeUpgradeVersion
 .text.bootload_getUpgradeLocation
                0x000000000000248c        0x6 CMakeFiles/slc.dir/base/home/ty/SimplicityStudio/BLE_MCU/bootloader-uart-xmodem/simplicity_sdk_2025.12.2/bootloader/platform/bootloader/core/btl_bootload.c.obj
                0x000000000000248c                bootload_getUpgradeLocation
 .text.btl_init
                0x0000000000002492        0x4 CMakeFiles/slc.dir/base/home/ty/SimplicityStudio/BLE_MCU/bootloader-uart-xmodem/simplicity_sdk_2025.12.2/bootloader/platform/bootloader/core/btl_core.c.obj
                0x0000000000002492                btl_init
 .text.btl_deinit
                0x0000000000002496        0x4 CMakeFiles/slc.dir/base/home/ty/SimplicityStudio/BLE_MCU/bootloader-uart-xmodem/simplicity_sdk_2025.12.2/bootloader/platform/bootloader/core/btl_core.c.obj
                0x0000000000002496                btl_deinit
 .text.bootToApp
                0x000000000000249a       0x14 CMakeFiles/slc.dir/base/home/ty/SimplicityStudio/BLE_MCU/bootloader-uart-xmodem/simplicity_sdk_2025.12.2/bootloader/platform/bootloader/core/btl_main.c.obj
 .text.enterBootloader
                0x00000000000024ae       0x2c CMakeFiles/slc.dir/base/home/ty/SimplicityStudio/BLE_MCU/bootloader-uart-xmodem/simplicity_sdk_2025.12.2/bootloader/platform/bootloader/core/btl_main.c.obj
 .text.HardFault_Handler
                0x00000000000024da        0x8 CMakeFiles/slc.dir/base/home/ty/SimplicityStudio/BLE_MCU/bootloader-uart-xmodem/simplicity_sdk_2025.12.2/bootloader/platform/bootloader/core/btl_main.c.obj
                0x00000000000024da                HardFault_Handler
 .text.core_initParser
                0x00000000000024e2       0x30 CMakeFiles/slc.dir/base/home/ty/SimplicityStudio/BLE_MCU/bootloader-uart-xmodem/simplicity_sdk_2025.12.2/bootloader/platform/bootloader/core/btl_parse.c.obj
                0x00000000000024e2                core_initParser
 .text.core_parseBuffer
                0x0000000000002512       0x30 CMakeFiles/slc.dir/base/home/ty/SimplicityStudio/BLE_MCU/bootloader-uart-xmodem/simplicity_sdk_2025.12.2/bootloader/platform/bootloader/core/btl_parse.c.obj
                0x0000000000002512                core_parseBuffer
 .text.core_parseImageInfo
                0x0000000000002542       0x76 CMakeFiles/slc.dir/base/home/ty/SimplicityStudio/BLE_MCU/bootloader-uart-xmodem/simplicity_sdk_2025.12.2/bootloader/platform/bootloader/core/btl_parse.c.obj
                0x0000000000002542                core_parseImageInfo
 .text.core_parserContextSize
                0x00000000000025b8        0x6 CMakeFiles/slc.dir/base/home/ty/SimplicityStudio/BLE_MCU/bootloader-uart-xmodem/simplicity_sdk_2025.12.2/bootloader/platform/bootloader/core/btl_parse.c.obj
                0x00000000000025b8                core_parserContextSize
 .text.uart_receiveByteTimeout
                0x00000000000025be       0x14 CMakeFiles/slc.dir/base/home/ty/SimplicityStudio/BLE_MCU/bootloader-uart-xmodem/simplicity_sdk_2025.12.2/bootloader/platform/bootloader/driver/btl_driver_uart.c.obj
                0x00000000000025be                uart_receiveByteTimeout
 .text.gbl_storeData
                0x00000000000025d2       0x42 CMakeFiles/slc.dir/base/home/ty/SimplicityStudio/BLE_MCU/bootloader-uart-xmodem/simplicity_sdk_2025.12.2/bootloader/platform/bootloader/parser/gbl/btl_gbl_parser.c.obj
 .text.gbl_getData
                0x0000000000002614      0x102 CMakeFiles/slc.dir/base/home/ty/SimplicityStudio/BLE_MCU/bootloader-uart-xmodem/simplicity_sdk_2025.12.2/bootloader/platform/bootloader/parser/gbl/btl_gbl_parser.c.obj
 .text.btl_crc16
                0x0000000000002716       0x1e CMakeFiles/slc.dir/base/home/ty/SimplicityStudio/BLE_MCU/bootloader-uart-xmodem/simplicity_sdk_2025.12.2/bootloader/platform/bootloader/security/btl_crc16.c.obj
                0x0000000000002716                btl_crc16
 .text.btl_crc16Stream
                0x0000000000002734       0x1a CMakeFiles/slc.dir/base/home/ty/SimplicityStudio/BLE_MCU/bootloader-uart-xmodem/simplicity_sdk_2025.12.2/bootloader/platform/bootloader/security/btl_crc16.c.obj
                0x0000000000002734                btl_crc16Stream
 .text.btl_processAesCtrData
                0x000000000000274e       0x22 CMakeFiles/slc.dir/base/home/ty/SimplicityStudio/BLE_MCU/bootloader-uart-xmodem/simplicity_sdk_2025.12.2/bootloader/platform/bootloader/security/btl_security_aes.c.obj
                0x000000000000274e                btl_processAesCtrData
 .text.btl_updateSha256
                0x0000000000002770        0x4 CMakeFiles/slc.dir/base/home/ty/SimplicityStudio/BLE_MCU/bootloader-uart-xmodem/simplicity_sdk_2025.12.2/bootloader/platform/bootloader/security/btl_security_sha256.c.obj
                0x0000000000002770                btl_updateSha256
 .text.btl_finalizeSha256
                0x0000000000002774        0x6 CMakeFiles/slc.dir/base/home/ty/SimplicityStudio/BLE_MCU/bootloader-uart-xmodem/simplicity_sdk_2025.12.2/bootloader/platform/bootloader/security/btl_security_sha256.c.obj
                0x0000000000002774                btl_finalizeSha256
 .text.btl_sha256_init
                0x000000000000277a        0x8 CMakeFiles/slc.dir/base/home/ty/SimplicityStudio/BLE_MCU/bootloader-uart-xmodem/simplicity_sdk_2025.12.2/bootloader/platform/bootloader/security/sha/btl_sha256.c.obj
                0x000000000000277a                btl_sha256_init
 .text.btl_sha256_starts_ret
                0x0000000000002782        0xa CMakeFiles/slc.dir/base/home/ty/SimplicityStudio/BLE_MCU/bootloader-uart-xmodem/simplicity_sdk_2025.12.2/bootloader/platform/bootloader/security/sha/btl_sha256.c.obj
                0x0000000000002782                btl_sha256_starts_ret
 .text.btl_sha256_update_ret
                0x000000000000278c       0x1a CMakeFiles/slc.dir/base/home/ty/SimplicityStudio/BLE_MCU/bootloader-uart-xmodem/simplicity_sdk_2025.12.2/bootloader/platform/bootloader/security/sha/btl_sha256.c.obj
                0x000000000000278c                btl_sha256_update_ret
 .text.btl_sha256_finish_ret
                0x00000000000027a6        0xe CMakeFiles/slc.dir/base/home/ty/SimplicityStudio/BLE_MCU/bootloader-uart-xmodem/simplicity_sdk_2025.12.2/bootloader/platform/bootloader/security/sha/btl_sha256.c.obj
                0x00000000000027a6                btl_sha256_finish_ret
 .text.sha_x_process
                0x00000000000027b4       0x86 CMakeFiles/slc.dir/base/home/ty/SimplicityStudio/BLE_MCU/bootloader-uart-xmodem/simplicity_sdk_2025.12.2/bootloader/platform/bootloader/security/sha/cryptoacc_sha.c.obj
                0x00000000000027b4                sha_x_process
 .text.Default_Handler
                0x000000000000283a        0x2 CMakeFiles/slc.dir/base/home/ty/SimplicityStudio/BLE_MCU/bootloader-uart-xmodem/simplicity_sdk_2025.12.2/devices/platform/Device/SiliconLabs/EFR32MG22/Source/startup_efr32mg22.c.obj
                0x000000000000283a                ULFRCO_IRQHandler
                0x000000000000283a                SW2_IRQHandler
                0x000000000000283a                TIMER2_IRQHandler
                0x000000000000283a                DebugMon_Handler
                0x000000000000283a                PKE_IRQHandler
                0x000000000000283a                USART0_TX_IRQHandler
                0x000000000000283a                PRORTC_IRQHandler
                0x000000000000283a                IADC_IRQHandler
                0x000000000000283a                I2C0_IRQHandler
                0x000000000000283a                LFXO_IRQHandler
                0x000000000000283a                CRYPTOACC_IRQHandler
                0x000000000000283a                SMU_SECURE_IRQHandler
                0x000000000000283a                SysTick_Handler
                0x000000000000283a                USART1_RX_IRQHandler
                0x000000000000283a                EMUEFP_IRQHandler
                0x000000000000283a                PendSV_Handler
                0x000000000000283a                NMI_Handler
                0x000000000000283a                SYNTH_IRQHandler
                0x000000000000283a                HFXO0_IRQHandler
                0x000000000000283a                I2C1_IRQHandler
                0x000000000000283a                PDM_IRQHandler
                0x000000000000283a                WDOG0_IRQHandler
                0x000000000000283a                TIMER3_IRQHandler
                0x000000000000283a                SYSCFG_IRQHandler
                0x000000000000283a                EMUSE_IRQHandler
                0x000000000000283a                EMUDG_IRQHandler
                0x000000000000283a                USART1_TX_IRQHandler
                0x000000000000283a                MSC_IRQHandler
                0x000000000000283a                DPLL0_IRQHandler
                0x000000000000283a                UsageFault_Handler
                0x000000000000283a                M33CTI1_IRQHandler
                0x000000000000283a                TIMER4_IRQHandler
                0x000000000000283a                GPIO_EVEN_IRQHandler
                0x000000000000283a                LDMA_IRQHandler
                0x000000000000283a                SW0_IRQHandler
                0x000000000000283a                TIMER0_IRQHandler
                0x000000000000283a                LETIMER0_IRQHandler
                0x000000000000283a                TIMER1_IRQHandler
                0x000000000000283a                HFRCO0_IRQHandler
                0x000000000000283a                RFSENSE_IRQHandler
                0x000000000000283a                SecureFault_Handler
                0x000000000000283a                BUFC_IRQHandler
                0x000000000000283a                DCDC_IRQHandler
                0x000000000000283a                MODEM_IRQHandler
                0x000000000000283a                Default_Handler
                0x000000000000283a                RAC_SEQ_IRQHandler
                0x000000000000283a                FRC_PRI_IRQHandler
                0x000000000000283a                EMU_IRQHandler
                0x000000000000283a                SW3_IRQHandler
                0x000000000000283a                KERNEL0_IRQHandler
                0x000000000000283a                FRC_IRQHandler
                0x000000000000283a                KERNEL1_IRQHandler
                0x000000000000283a                AGC_IRQHandler
                0x000000000000283a                BURTC_IRQHandler
                0x000000000000283a                LFRCO_IRQHandler
                0x000000000000283a                USART0_RX_IRQHandler
                0x000000000000283a                MemManage_Handler
                0x000000000000283a                RDMAILBOX_IRQHandler
                0x000000000000283a                SVC_Handler
                0x000000000000283a                RTCC_IRQHandler
                0x000000000000283a                SMU_S_PRIVILEGED_IRQHandler
                0x000000000000283a                SW1_IRQHandler
                0x000000000000283a                CMU_IRQHandler
                0x000000000000283a                RAC_RSM_IRQHandler
                0x000000000000283a                EUART0_TX_IRQHandler
                0x000000000000283a                EUART0_RX_IRQHandler
                0x000000000000283a                GPIO_ODD_IRQHandler
                0x000000000000283a                AES_IRQHandler
                0x000000000000283a                M33CTI0_IRQHandler
                0x000000000000283a                ICACHE0_IRQHandler
                0x000000000000283a                SMU_NS_PRIVILEGED_IRQHandler
                0x000000000000283a                PROTIMER_IRQHandler
                0x000000000000283a                BusFault_Handler
                0x000000000000283a                TRNG_IRQHandler
 .text.CopyMemory
                0x000000000000283c       0x1a CMakeFiles/slc.dir/base/home/ty/SimplicityStudio/BLE_MCU/bootloader-uart-xmodem/simplicity_sdk_2025.12.2/devices/platform/Device/SiliconLabs/EFR32MG22/Source/startup_efr32mg22.c.obj
                0x000000000000283c                CopyMemory
 .text.BUS_RegMaskedWrite
                0x0000000000002856       0x1e CMakeFiles/slc.dir/base/home/ty/SimplicityStudio/BLE_MCU/bootloader-uart-xmodem/simplicity_sdk_2025.12.2/platform_core/platform/emlib/src/em_gpio.c.obj
 .text.TIMER_SyncWait
                0x0000000000002874        0xe CMakeFiles/slc.dir/base/home/ty/SimplicityStudio/BLE_MCU/bootloader-uart-xmodem/simplicity_sdk_2025.12.2/platform_core/platform/emlib/src/em_timer.c.obj
                0x0000000000002874                TIMER_SyncWait
 .text.TIMER_Init
                0x0000000000002882       0x7a CMakeFiles/slc.dir/base/home/ty/SimplicityStudio/BLE_MCU/bootloader-uart-xmodem/simplicity_sdk_2025.12.2/platform_core/platform/emlib/src/em_timer.c.obj
                0x0000000000002882                TIMER_Init
 .text.write_desc.constprop.0.isra.0
                0x00000000000028fc       0x10 CMakeFiles/slc.dir/base/home/ty/SimplicityStudio/BLE_MCU/bootloader-uart-xmodem/simplicity_sdk_2025.12.2/security_libcryptosoc/src/ba414ep_config.c.obj
 .text.mem2CryptoRAM_rev
                0x000000000000290c       0x60 CMakeFiles/slc.dir/base/home/ty/SimplicityStudio/BLE_MCU/bootloader-uart-xmodem/simplicity_sdk_2025.12.2/security_libcryptosoc/src/ba414ep_config.c.obj
                0x000000000000290c                mem2CryptoRAM_rev
 .text.point2CryptoRAM_rev
                0x000000000000296c       0x66 CMakeFiles/slc.dir/base/home/ty/SimplicityStudio/BLE_MCU/bootloader-uart-xmodem/simplicity_sdk_2025.12.2/security_libcryptosoc/src/ba414ep_config.c.obj
                0x000000000000296c                point2CryptoRAM_rev
 .text.mem2CryptoRAM
                0x00000000000029d2       0x38 CMakeFiles/slc.dir/base/home/ty/SimplicityStudio/BLE_MCU/bootloader-uart-xmodem/simplicity_sdk_2025.12.2/security_libcryptosoc/src/ba414ep_config.c.obj
                0x00000000000029d2                mem2CryptoRAM
 .text.ba414ep_load_curve
                0x0000000000002a0a       0x64 CMakeFiles/slc.dir/base/home/ty/SimplicityStudio/BLE_MCU/bootloader-uart-xmodem/simplicity_sdk_2025.12.2/security_libcryptosoc/src/ba414ep_config.c.obj
                0x0000000000002a0a                ba414ep_load_curve
 .text.cryptodma_run_sg
                0x0000000000002a6e       0x16 CMakeFiles/slc.dir/base/home/ty/SimplicityStudio/BLE_MCU/bootloader-uart-xmodem/simplicity_sdk_2025.12.2/security_libcryptosoc/src/cryptodma_internal.c.obj
                0x0000000000002a6e                cryptodma_run_sg
 .text.write_desc_always
                0x0000000000002a84       0x2a CMakeFiles/slc.dir/base/home/ty/SimplicityStudio/BLE_MCU/bootloader-uart-xmodem/simplicity_sdk_2025.12.2/security_libcryptosoc/src/cryptodma_internal.c.obj
                0x0000000000002a84                write_desc_always
 .text.set_last_desc
                0x0000000000002aae       0x16 CMakeFiles/slc.dir/base/home/ty/SimplicityStudio/BLE_MCU/bootloader-uart-xmodem/simplicity_sdk_2025.12.2/security_libcryptosoc/src/cryptodma_internal.c.obj
                0x0000000000002aae                set_last_desc
 .text.set_desc_invalid_bytes
                0x0000000000002ac4       0x24 CMakeFiles/slc.dir/base/home/ty/SimplicityStudio/BLE_MCU/bootloader-uart-xmodem/simplicity_sdk_2025.12.2/security_libcryptosoc/src/cryptodma_internal.c.obj
                0x0000000000002ac4                set_desc_invalid_bytes
 .text.write_desc_blk
                0x0000000000002ae8       0x20 CMakeFiles/slc.dir/base/home/ty/SimplicityStudio/BLE_MCU/bootloader-uart-xmodem/simplicity_sdk_2025.12.2/security_libcryptosoc/src/sx_blk_cipher.c.obj
 .text.sx_blk_cipher_build_descr.constprop.0
                0x0000000000002b08      0x1a8 CMakeFiles/slc.dir/base/home/ty/SimplicityStudio/BLE_MCU/bootloader-uart-xmodem/simplicity_sdk_2025.12.2/security_libcryptosoc/src/sx_blk_cipher.c.obj
 .text.sx_ecc_curve_bytesize
                0x0000000000002cb0        0x4 CMakeFiles/slc.dir/base/home/ty/SimplicityStudio/BLE_MCU/bootloader-uart-xmodem/simplicity_sdk_2025.12.2/security_libcryptosoc/src/sx_ecc_curves.c.obj
                0x0000000000002cb0                sx_ecc_curve_bytesize
 .text.ecdsa_verify_signature_digest
                0x0000000000002cb4       0x94 CMakeFiles/slc.dir/base/home/ty/SimplicityStudio/BLE_MCU/bootloader-uart-xmodem/simplicity_sdk_2025.12.2/security_libcryptosoc/src/sx_ecdsa_alg.c.obj
                0x0000000000002cb4                ecdsa_verify_signature_digest
 .text.sx_hash_get_block_size
                0x0000000000002d48       0x22 CMakeFiles/slc.dir/base/home/ty/SimplicityStudio/BLE_MCU/bootloader-uart-xmodem/simplicity_sdk_2025.12.2/security_libcryptosoc/src/sx_hash.c.obj
                0x0000000000002d48                sx_hash_get_block_size
 .text.sx_hash_update_blk
                0x0000000000002d6a       0x30 CMakeFiles/slc.dir/base/home/ty/SimplicityStudio/BLE_MCU/bootloader-uart-xmodem/simplicity_sdk_2025.12.2/security_libcryptosoc/src/sx_hash.c.obj
                0x0000000000002d6a                sx_hash_update_blk
 .text.sx_memset
                0x0000000000002d9a        0x4 CMakeFiles/slc.dir/base/home/ty/SimplicityStudio/BLE_MCU/bootloader-uart-xmodem/simplicity_sdk_2025.12.2/security_libcryptosoc/src/sx_memcpy.c.obj
                0x0000000000002d9a                sx_memset
 .text.memcpy_blk
                0x0000000000002d9e       0xa2 CMakeFiles/slc.dir/base/home/ty/SimplicityStudio/BLE_MCU/bootloader-uart-xmodem/simplicity_sdk_2025.12.2/security_libcryptosoc/src/sx_memcpy.c.obj
                0x0000000000002d9e                memcpy_blk
 .text.mbedtls_aes_init
                0x0000000000002e40        0x8 CMakeFiles/slc.dir/base/home/ty/SimplicityStudio/BLE_MCU/bootloader-uart-xmodem/simplicity_sdk_2025.12.2/security_mbedtls/platform/security/sl_component/sl_mbedtls_support/src/cryptoacc_aes.c.obj
                0x0000000000002e40                mbedtls_aes_init
 .text.mbedtls_aes_setkey_enc
                0x0000000000002e48       0x36 CMakeFiles/slc.dir/base/home/ty/SimplicityStudio/BLE_MCU/bootloader-uart-xmodem/simplicity_sdk_2025.12.2/security_mbedtls/platform/security/sl_component/sl_mbedtls_support/src/cryptoacc_aes.c.obj
                0x0000000000002e48                mbedtls_aes_setkey_enc
 .text.mbedtls_aes_crypt_ecb
                0x0000000000002e7e       0x6c CMakeFiles/slc.dir/base/home/ty/SimplicityStudio/BLE_MCU/bootloader-uart-xmodem/simplicity_sdk_2025.12.2/security_mbedtls/platform/security/sl_component/sl_mbedtls_support/src/cryptoacc_aes.c.obj
                0x0000000000002e7e                mbedtls_aes_crypt_ecb
 .text.mbedtls_aes_crypt_ctr
                0x0000000000002eea      0x112 CMakeFiles/slc.dir/base/home/ty/SimplicityStudio/BLE_MCU/bootloader-uart-xmodem/simplicity_sdk_2025.12.2/security_mbedtls/platform/security/sl_component/sl_mbedtls_support/src/cryptoacc_aes.c.obj
                0x0000000000002eea                mbedtls_aes_crypt_ctr
 .text.sli_vse_mailbox_get_version
                0x0000000000002ffc       0x26 CMakeFiles/slc.dir/base/home/ty/SimplicityStudio/BLE_MCU/bootloader-uart-xmodem/simplicity_sdk_2025.12.2/security_se_manager/platform/security/sl_component/se_manager/src/sli_se_manager_mailbox.c.obj
                0x0000000000002ffc                sli_vse_mailbox_get_version
 .text.vse_is_command_completed
                0x0000000000003022       0x12 CMakeFiles/slc.dir/base/home/ty/SimplicityStudio/BLE_MCU/bootloader-uart-xmodem/simplicity_sdk_2025.12.2/security_se_manager/platform/security/sl_component/se_manager/src/sli_se_manager_mailbox.c.obj
 .text.sli_vse_mailbox_read_executed_command
                0x0000000000003034       0x18 CMakeFiles/slc.dir/base/home/ty/SimplicityStudio/BLE_MCU/bootloader-uart-xmodem/simplicity_sdk_2025.12.2/security_se_manager/platform/security/sl_component/se_manager/src/sli_se_manager_mailbox.c.obj
                0x0000000000003034                sli_vse_mailbox_read_executed_command
 .text.sli_vse_mailbox_ack_command
                0x000000000000304c       0x78 CMakeFiles/slc.dir/base/home/ty/SimplicityStudio/BLE_MCU/bootloader-uart-xmodem/simplicity_sdk_2025.12.2/security_se_manager/platform/security/sl_component/se_manager/src/sli_se_manager_mailbox.c.obj
                0x000000000000304c                sli_vse_mailbox_ack_command
 .text.memcpy   0x00000000000030c4       0x1a /home/ty/.silabs/slt/installs/conan/p/gcc-a442105b5c2637/p/bin/../lib/gcc/arm-none-eabi/12.2.1/../../../../arm-none-eabi/lib/thumb/v8-m.main+fp/hard/libc_nano.a(libc_a-memcpy-stub.o)
                0x00000000000030c4                memcpy
 .text.memcmp   0x00000000000030de       0x20 /home/ty/.silabs/slt/installs/conan/p/gcc-a442105b5c2637/p/bin/../lib/gcc/arm-none-eabi/12.2.1/../../../../arm-none-eabi/lib/thumb/v8-m.main+fp/hard/libc_nano.a(libc_a-memcmp.o)
                0x00000000000030de                memcmp
 .text.memset   0x00000000000030fe       0x10 /home/ty/.silabs/slt/installs/conan/p/gcc-a442105b5c2637/p/bin/../lib/gcc/arm-none-eabi/12.2.1/../../../../arm-none-eabi/lib/thumb/v8-m.main+fp/hard/libc_nano.a(libc_a-memset.o)
                0x00000000000030fe                memset
 *(SORT_BY_ALIGNMENT(text_*))
 *fill*         0x000000000000310e        0x2 
 text_se_manager_timecritical13511
                0x0000000000003110      0x100 CMakeFiles/slc.dir/base/home/ty/SimplicityStudio/BLE_MCU/bootloader-uart-xmodem/simplicity_sdk_2025.12.2/security_se_manager/platform/security/sl_component/se_manager/src/sli_se_manager_mailbox.c.obj
                0x0000000000003110                sli_se_mailbox_execute_command
 text_core_timecritical2307
                0x0000000000003210        0xa CMakeFiles/slc.dir/base/home/ty/SimplicityStudio/BLE_MCU/bootloader-uart-xmodem/simplicity_sdk_2025.12.2/platform_core/platform/common/src/sl_core_cortexm.c.obj
                0x0000000000003210                CORE_ExitCritical
 text_core_timecritical4331
                0x000000000000321a        0x8 CMakeFiles/slc.dir/base/home/ty/SimplicityStudio/BLE_MCU/bootloader-uart-xmodem/simplicity_sdk_2025.12.2/platform_core/platform/common/src/sl_core_cortexm.c.obj
                0x000000000000321a                CORE_EnterCritical
 text_se_manager_timecritical12494
                0x0000000000003222       0x12 CMakeFiles/slc.dir/base/home/ty/SimplicityStudio/BLE_MCU/bootloader-uart-xmodem/simplicity_sdk_2025.12.2/security_se_manager/platform/security/sl_component/se_manager/src/sli_se_manager_mailbox.c.obj
                0x0000000000003222                sli_se_mailbox_command_add_parameter
                0x0000000000003240                . = ALIGN (0x20)
 *fill*         0x0000000000003234        0xc 
                0x0000000000003240                linker_code_end = .
 *(.init)
 .init          0x0000000000003240        0x4 /home/ty/.silabs/slt/installs/conan/p/gcc-a442105b5c2637/p/bin/../lib/gcc/arm-none-eabi/12.2.1/thumb/v8-m.main+fp/hard/crti.o
                0x0000000000003240                _init
 .init          0x0000000000003244        0x8 /home/ty/.silabs/slt/installs/conan/p/gcc-a442105b5c2637/p/bin/../lib/gcc/arm-none-eabi/12.2.1/thumb/v8-m.main+fp/hard/crtn.o
 *(.fini)
 .fini          0x000000000000324c        0x4 /home/ty/.silabs/slt/installs/conan/p/gcc-a442105b5c2637/p/bin/../lib/gcc/arm-none-eabi/12.2.1/thumb/v8-m.main+fp/hard/crti.o
                0x000000000000324c                _fini
 .fini          0x0000000000003250        0x8 /home/ty/.silabs/slt/installs/conan/p/gcc-a442105b5c2637/p/bin/../lib/gcc/arm-none-eabi/12.2.1/thumb/v8-m.main+fp/hard/crtn.o
 *crtbegin.o(.ctors)
 *crtbegin?.o(.ctors)
 *(EXCLUDE_FILE(*crtend.o *crtend?.o) .ctors)
 *(SORT_BY_NAME(.ctors.*))
 *(.ctors)
 *crtbegin.o(.dtors)
 *crtbegin?.o(.dtors)
 *(EXCLUDE_FILE(*crtend.o *crtend?.o) .dtors)
 *(SORT_BY_NAME(.dtors.*))
 *(.dtors)
 *(.rodata*)
 .rodata        0x0000000000003258       0x10 CMakeFiles/slc.dir/base/home/ty/SimplicityStudio/BLE_MCU/bootloader-uart-xmodem/simplicity_sdk_2025.12.2/bootloader/platform/bootloader/communication/xmodem-uart/btl_comm_xmodem.c.obj
 .rodata.bootloader_xmodem_communication_start.str1.1
                0x0000000000003268       0x47 CMakeFiles/slc.dir/base/home/ty/SimplicityStudio/BLE_MCU/bootloader-uart-xmodem/simplicity_sdk_2025.12.2/bootloader/platform/bootloader/communication/xmodem-uart/btl_comm_xmodem_common.c.obj
 .rodata.bootError
                0x00000000000032af       0x13 CMakeFiles/slc.dir/base/home/ty/SimplicityStudio/BLE_MCU/bootloader-uart-xmodem/simplicity_sdk_2025.12.2/bootloader/platform/bootloader/communication/xmodem-uart/btl_comm_xmodem_common.c.obj
 .rodata.fileError
                0x00000000000032c2       0x10 CMakeFiles/slc.dir/base/home/ty/SimplicityStudio/BLE_MCU/bootloader-uart-xmodem/simplicity_sdk_2025.12.2/bootloader/platform/bootloader/communication/xmodem-uart/btl_comm_xmodem_common.c.obj
 .rodata.xmodemError
                0x00000000000032d2       0x11 CMakeFiles/slc.dir/base/home/ty/SimplicityStudio/BLE_MCU/bootloader-uart-xmodem/simplicity_sdk_2025.12.2/bootloader/platform/bootloader/communication/xmodem-uart/btl_comm_xmodem_common.c.obj
 .rodata.transferAbortedStr
                0x00000000000032e3       0x1a CMakeFiles/slc.dir/base/home/ty/SimplicityStudio/BLE_MCU/bootloader-uart-xmodem/simplicity_sdk_2025.12.2/bootloader/platform/bootloader/communication/xmodem-uart/btl_comm_xmodem_common.c.obj
 .rodata.transferCompleteStr
                0x00000000000032fd       0x1b CMakeFiles/slc.dir/base/home/ty/SimplicityStudio/BLE_MCU/bootloader-uart-xmodem/simplicity_sdk_2025.12.2/bootloader/platform/bootloader/communication/xmodem-uart/btl_comm_xmodem_common.c.obj
 .rodata.transferInitStr
                0x0000000000003318       0x11 CMakeFiles/slc.dir/base/home/ty/SimplicityStudio/BLE_MCU/bootloader-uart-xmodem/simplicity_sdk_2025.12.2/bootloader/platform/bootloader/communication/xmodem-uart/btl_comm_xmodem_common.c.obj
 .rodata.bootload_checkApplicationPropertiesMagic.str1.1
                0x0000000000003329       0x11 CMakeFiles/slc.dir/base/home/ty/SimplicityStudio/BLE_MCU/bootloader-uart-xmodem/simplicity_sdk_2025.12.2/bootloader/platform/bootloader/core/btl_bootload.c.obj
 *fill*         0x000000000000333a        0x2 
 .rodata.sl_app_properties
                0x000000000000333c       0x50 CMakeFiles/slc.dir/base/home/ty/SimplicityStudio/BLE_MCU/bootloader-uart-xmodem/simplicity_sdk_2025.12.2/bootloader/platform/bootloader/core/btl_main.c.obj
                0x000000000000333c                sl_app_properties
 .rodata.mainStageTable
                0x000000000000338c       0x48 CMakeFiles/slc.dir/base/home/ty/SimplicityStudio/BLE_MCU/bootloader-uart-xmodem/simplicity_sdk_2025.12.2/bootloader/platform/bootloader/core/btl_main.c.obj
                0x000000000000338c                mainStageTable
 .rodata        0x00000000000033d4       0x11 CMakeFiles/slc.dir/base/home/ty/SimplicityStudio/BLE_MCU/bootloader-uart-xmodem/simplicity_sdk_2025.12.2/bootloader/platform/bootloader/driver/btl_driver_util.c.obj
 *fill*         0x00000000000033e5        0x3 
 .rodata.gblTagParsingInfoStructs
                0x00000000000033e8       0x90 CMakeFiles/slc.dir/base/home/ty/SimplicityStudio/BLE_MCU/bootloader-uart-xmodem/simplicity_sdk_2025.12.2/bootloader/platform/bootloader/parser/gbl/btl_gbl_format.c.obj
                0x00000000000033e8                gblTagParsingInfoStructs
 .rodata.shax_padding
                0x0000000000003478       0x40 CMakeFiles/slc.dir/base/home/ty/SimplicityStudio/BLE_MCU/bootloader-uart-xmodem/simplicity_sdk_2025.12.2/bootloader/platform/bootloader/security/sha/btl_sha256.c.obj
 .rodata.init_state_sha256
                0x00000000000034b8       0x20 CMakeFiles/slc.dir/base/home/ty/SimplicityStudio/BLE_MCU/bootloader-uart-xmodem/simplicity_sdk_2025.12.2/bootloader/platform/bootloader/security/sha/btl_sha256.c.obj
 .rodata.NULL_blk
                0x00000000000034d8        0xc CMakeFiles/slc.dir/base/home/ty/SimplicityStudio/BLE_MCU/bootloader-uart-xmodem/simplicity_sdk_2025.12.2/security_libcryptosoc/src/cryptolib_types.c.obj
                0x00000000000034d8                NULL_blk
 .rodata.mode_select
                0x00000000000034e4       0x24 CMakeFiles/slc.dir/base/home/ty/SimplicityStudio/BLE_MCU/bootloader-uart-xmodem/simplicity_sdk_2025.12.2/security_libcryptosoc/src/sx_blk_cipher.c.obj
                0x00000000000034e4                mode_select
 .rodata.operation_select
                0x0000000000003508        0x8 CMakeFiles/slc.dir/base/home/ty/SimplicityStudio/BLE_MCU/bootloader-uart-xmodem/simplicity_sdk_2025.12.2/security_libcryptosoc/src/sx_blk_cipher.c.obj
                0x0000000000003508                operation_select
 .rodata.sx_ecc_curve_p256
                0x0000000000003510       0x14 CMakeFiles/slc.dir/base/home/ty/SimplicityStudio/BLE_MCU/bootloader-uart-xmodem/simplicity_sdk_2025.12.2/security_libcryptosoc/src/sx_ecc_curves.c.obj
                0x0000000000003510                sx_ecc_curve_p256
 .rodata.ecc_p256_params
                0x0000000000003524       0xc0 CMakeFiles/slc.dir/base/home/ty/SimplicityStudio/BLE_MCU/bootloader-uart-xmodem/simplicity_sdk_2025.12.2/security_libcryptosoc/src/sx_ecc_curves.c.obj
 .rodata.CSWTCH.15
                0x00000000000035e4        0x7 CMakeFiles/slc.dir/base/home/ty/SimplicityStudio/BLE_MCU/bootloader-uart-xmodem/simplicity_sdk_2025.12.2/security_libcryptosoc/src/sx_hash.c.obj
 .rodata.CSWTCH.10
                0x00000000000035eb        0x7 CMakeFiles/slc.dir/base/home/ty/SimplicityStudio/BLE_MCU/bootloader-uart-xmodem/simplicity_sdk_2025.12.2/security_libcryptosoc/src/sx_hash.c.obj
 *(.eh_frame*)
 *fill*         0x00000000000035f2        0x2 
 .eh_frame      0x00000000000035f4        0x0 /home/ty/.silabs/slt/installs/conan/p/gcc-a442105b5c2637/p/bin/../lib/gcc/arm-none-eabi/12.2.1/thumb/v8-m.main+fp/hard/crtbegin.o

.glue_7         0x00000000000035f4        0x0
 .glue_7        0x00000000000035f4        0x0 linker stubs

.glue_7t        0x00000000000035f4        0x0
 .glue_7t       0x00000000000035f4        0x0 linker stubs

.vfp11_veneer   0x00000000000035f4        0x0
 .vfp11_veneer  0x00000000000035f4        0x0 linker stubs

.v4_bx          0x00000000000035f4        0x0
 .v4_bx         0x00000000000035f4        0x0 linker stubs

.iplt           0x00000000000035f4        0x0
 .iplt          0x00000000000035f4        0x0 /home/ty/.silabs/slt/installs/conan/p/gcc-a442105b5c2637/p/bin/../lib/gcc/arm-none-eabi/12.2.1/thumb/v8-m.main+fp/hard/crtbegin.o

.gnu.sgstubs    0x0000000000003600        0x0
                0x0000000000003600                . = ALIGN (0x20)
                0x0000000000003600                linker_sg_begin = .
 *(.gnu.sgstubs*)
                0x0000000000003600                . = ALIGN (0x20)
                0x0000000000003600                linker_sg_end = (linker_sg_begin + SIZEOF (.gnu.sgstubs))

.ARM.extab
 *(.ARM.extab* .gnu.linkonce.armextab.*)
                0x0000000000003600                __exidx_start = .

.ARM.exidx
 *(.ARM.exidx* .gnu.linkonce.armexidx.*)
                0x0000000000003600                __exidx_end = .

.copy.table     0x00000000000035f4        0xc
                0x00000000000035f4                . = ALIGN (0x4)
                0x00000000000035f4                __copy_table_start__ = .
                0x00000000000035f4        0x4 LONG 0x3600 __etext
                0x00000000000035f8        0x4 LONG 0x200012d8 __data_start__
                0x00000000000035fc        0x4 LONG 0x18 ((__data_end__ - __data_start__) / 0x4)
                0x0000000000003600                __copy_table_end__ = .

.rel.dyn        0x0000000000003600        0x0
 .rel.iplt      0x0000000000003600        0x0 /home/ty/.silabs/slt/installs/conan/p/gcc-a442105b5c2637/p/bin/../lib/gcc/arm-none-eabi/12.2.1/thumb/v8-m.main+fp/hard/crtbegin.o

.zero.table     0x0000000000003600        0x0
                0x0000000000003600                . = ALIGN (0x4)
                0x0000000000003600                __zero_table_start__ = .
                0x0000000000003600                __zero_table_end__ = .
                0x0000000000003600                __etext = .

.data           0x00000000200012d8       0x60 load address 0x0000000000003600
                0x00000000200012d8                . = ALIGN (0x4)
                0x00000000200012d8                __data_start__ = .
 *(vtable)
 *(SORT_BY_ALIGNMENT(.data*))
 .data.ldmaRxDesc
                0x00000000200012d8       0x40 CMakeFiles/slc.dir/base/home/ty/SimplicityStudio/BLE_MCU/bootloader-uart-xmodem/simplicity_sdk_2025.12.2/bootloader/platform/bootloader/driver/btl_driver_uart.c.obj
 .data.ldmaTxDesc
                0x0000000020001318       0x10 CMakeFiles/slc.dir/base/home/ty/SimplicityStudio/BLE_MCU/bootloader-uart-xmodem/simplicity_sdk_2025.12.2/bootloader/platform/bootloader/driver/btl_driver_uart.c.obj
 .data.sl_uart_init_inst
                0x0000000020001328        0x8 CMakeFiles/slc.dir/base/home/ty/SimplicityStudio/BLE_MCU/bootloader-uart-xmodem/simplicity_sdk_2025.12.2/bootloader/platform/bootloader/driver/btl_driver_uart.c.obj
                0x0000000020001328                sl_uart_init_inst
                0x0000000020001330                . = ALIGN (0x4)
                0x0000000020001330                . = ALIGN (0x4)
                0x0000000020001330                PROVIDE (__preinit_array_start = .)
 *(.preinit_array)
                0x0000000020001330                PROVIDE (__preinit_array_end = .)
                0x0000000020001330                . = ALIGN (0x4)
                0x0000000020001330                PROVIDE (__init_array_start = .)
 *(SORT_BY_NAME(.init_array.*))
 *(.init_array)
 .init_array    0x0000000020001330        0x4 /home/ty/.silabs/slt/installs/conan/p/gcc-a442105b5c2637/p/bin/../lib/gcc/arm-none-eabi/12.2.1/thumb/v8-m.main+fp/hard/crtbegin.o
                0x0000000020001334                PROVIDE (__init_array_end = .)
                0x0000000020001334                . = ALIGN (0x4)
                [!provide]                        PROVIDE (__fini_array_start = .)
 *(SORT_BY_NAME(.fini_array.*))
 *(.fini_array)
 .fini_array    0x0000000020001334        0x4 /home/ty/.silabs/slt/installs/conan/p/gcc-a442105b5c2637/p/bin/../lib/gcc/arm-none-eabi/12.2.1/thumb/v8-m.main+fp/hard/crtbegin.o
                [!provide]                        PROVIDE (__fini_array_end = .)
                0x0000000020001338                . = ALIGN (0x4)
                0x0000000020001338                __data_end__ = .
                0x0000000020008000                heap_limit = (ORIGIN (RAM) + LENGTH (RAM))
                0x0000000000006cc8                heap_size = (heap_limit - __HeapBase)

.tm_clone_table
                0x0000000020001338        0x0 load address 0x0000000000003660
 .tm_clone_table
                0x0000000020001338        0x0 /home/ty/.silabs/slt/installs/conan/p/gcc-a442105b5c2637/p/bin/../lib/gcc/arm-none-eabi/12.2.1/thumb/v8-m.main+fp/hard/crtbegin.o
 .tm_clone_table
                0x0000000020001338        0x0 /home/ty/.silabs/slt/installs/conan/p/gcc-a442105b5c2637/p/bin/../lib/gcc/arm-none-eabi/12.2.1/thumb/v8-m.main+fp/hard/crtend.o

.igot.plt       0x0000000020001338        0x0 load address 0x0000000000003660
 .igot.plt      0x0000000020001338        0x0 /home/ty/.silabs/slt/installs/conan/p/gcc-a442105b5c2637/p/bin/../lib/gcc/arm-none-eabi/12.2.1/thumb/v8-m.main+fp/hard/crtbegin.o

.memory_manager_heap
                0x0000000020001338     0x6cc8 load address 0x0000000000003660
                0x0000000020001338                . = ALIGN (0x8)
                0x0000000020001338                __HeapBase = .
                0x0000000020008000                . = (. + heap_size)
 *fill*         0x0000000020001338     0x6cc8 
                0x0000000020008000                __end__ = .
                0x0000000020008000                _end = __end__
 *(.memory_manager_heap*)
                0x0000000020008000                __HeapLimit = (ORIGIN (RAM) + LENGTH (RAM))
                0x0000000020008000                __ram_end__ = 0x20008000
                0x0000000000014000                __main_flash_end__ = 0x14000

.internal_storage
 *(.internal_storage*)

.nvm
 *(.simee*)
                0x00000000200012d8                __ramfuncs_start__ = __vma_ramfuncs_start__
                0x00000000200012d8                __ramfuncs_end__ = __vma_ramfuncs_end__
                0x0000000000014000                linker_nvm_end = __main_flash_end__
                0x0000000000014000                linker_nvm_begin = (linker_nvm_end - SIZEOF (.nvm))
                0x0000000000014000                linker_storage_end = __main_flash_end__
                0x0000000000014000                linker_storage_begin = (linker_storage_end - SIZEOF (.internal_storage))
                0x0000000000003660                __rom_end__ = (__etext + SIZEOF (.data))
                0x0000000000000020                _app_rollback_protection_size = 0x20
                0x0000000000000001                ASSERT (((((ORIGIN (FLASH) + LENGTH (FLASH)) - 0x40) - _app_rollback_protection_size) >= (__etext + SIZEOF (.data))), FLASH memory overflowed !)
OUTPUT(base/bootloader-uart-xmodem.out elf32-littlearm)
LOAD linker stubs

.ARM.attributes
                0x0000000000000000       0x36
 .ARM.attributes
                0x0000000000000000       0x26 /home/ty/.silabs/slt/installs/conan/p/gcc-a442105b5c2637/p/bin/../lib/gcc/arm-none-eabi/12.2.1/thumb/v8-m.main+fp/hard/crti.o